C51 COMPILER V8.16   GMI_OUTPUTCHAR                                                        04/05/2012 11:15:35 PAGE 1   


C51 COMPILER V8.16, COMPILATION OF MODULE GMI_OUTPUTCHAR
OBJECT MODULE PLACED IN .\Output\gmi_OutputChar.obj
COMPILER INVOKED BY: D:\安装文件\keil\C51\BIN\C51.EXE Lib\gmi_OutputChar.C OPTIMIZE(9,SIZE) BROWSE DEFINE(CMOS_CHIP_TYPE
                    -=PCB_2025LV13) PRINT(.\Output\gmi_OutputChar.lst) OBJECT(.\Output\gmi_OutputChar.obj)

line level    source

   1          ////////////////////////////////////////////////////////////////////////////
   2          //         Copyright of Vector Co.,Ltd.                                   //
   3          //                                                                        //
   4          //                                                                        //
   5          //                       OutputChar function                              //
   6          //   Ver: 0.00                                                            //
   7          //   Creat file time: 2006.7.31                                           //
   8          //   End modify time: 2006.7.31                                           //
   9          //   For RTD2523B/RTD2553V/RTD2525L                                       //
  10          ////////////////////////////////////////////////////////////////////////////
  11          
  12          #include "Header\Include.h"
  13          
  14          
  15          
  16          //-------------------------------------------------------------
  17          //                                                           //
  18          //                       OSD function                        //
  19          //                                                           //
  20          //-------------------------------------------------------------
  21          
  22          //-------------------------------------------------------------
  23          void OutputChar(BYTE C)
  24          {
  25   1           CScalerSendAddr(_OSD_DATA_PORT_92, _WRITE, _NON_AUTOINC);
  26   1           CScalerSendByte(C);
  27   1           CScalerSendWriteStop();
  28   1      }
  29          
  30          


MODULE INFORMATION:   STATIC OVERLAYABLE
   CODE SIZE        =     19    ----
   CONSTANT SIZE    =   ----    ----
   XDATA SIZE       =   ----    ----
   PDATA SIZE       =   ----    ----
   DATA SIZE        =   ----       1
   IDATA SIZE       =   ----    ----
   BIT SIZE         =   ----    ----
END OF MODULE INFORMATION.


C51 COMPILATION COMPLETE.  0 WARNING(S),  0 ERROR(S)
