BL51 BANKED LINKER/LOCATER V6.15                                                        04/05/2012  16:53:02  PAGE 1


BL51 BANKED LINKER/LOCATER V6.15, INVOKED BY:
D:\安装文件\KEIL\C51\BIN\BL51.EXE .\Output\Adjust.obj, .\Output\Align.obj, .\Output\Auto.obj, .\Output\Eeprom.obj, .\Out
>> put\FrameSync.obj, .\Output\I2c.obj, .\Output\Int.obj, .\Output\Key.obj, .\Output\Main.obj, .\Output\Mcu.obj, .\Outpu
>> t\Misc.obj, .\Output\Mode.obj, .\Output\Power.obj, .\Output\Scaler.obj, .\Output\Source.obj, .\Output\Struct.obj, .\O
>> utput\Sync.obj, .\Output\Timer.obj, .\Output\Video.obj, .\Output\Uart.obj, .\Output\YPbPr.obj, .\Output\gmiOSDFunc.ob
>> j, .\Output\Memory.obj, .\Output\Hdmi.obj, .\Output\OsdPub007.obj, .\Output\OsdVga007.obj, .\Output\OsdAV007.obj, .\O
>> utput\OsdTV007.obj, .\Output\Func.obj, .\Output\TV.obj, .\Output\IR.obj, .\Output\Langage.obj, .\Output\Lcd_osdFac.ob
>> j, .\Output\Logo.obj, .\Output\Ddc.obj, .\Output\DDCRTDEE.obj, .\Output\AV_TV.obj, .\Output\DDCCI.obj, .\Output\DDCCI
>> DBG.obj, .\Output\gmi_CLoadFont.obj, .\Output\gmi_COsdFxCloseWindow.obj, .\Output\gmi_CShowNumber.obj, .\Output\gmi_D
>> irectWOSDRam.obj, .\Output\gmi_Gotoxy.obj, .\Output\gmi_IRFunc.obj, .\Output\gmi_Mode.obj, .\Output\gmi_OutputChar.ob
>> j, .\Output\gmi_PWM.obj, .\Output\gmi_Scaler.obj, .\Output\gmi_SetOSDDouble.obj, .\Output\gmi_SetOSDRamAddress.obj, .
>> \Output\gmi_SetRowCmds.obj, .\Output\gmi_TunerFunc.obj, .\Output\gmi_ValueInRangeChange.obj, .\Output\TB1334.obj, .\O
>> utput\WriteVideotable.obj, .\Output\Rs232.obj TO .\Output\RTD2xxxx PRINT (.\Output\RTD2xxxx.m51) RAMSIZE (256) XDATA 
>> (0XF800-0XF9FF)


MEMORY MODEL: SMALL WITH FLOATING POINT ARITHMETIC


INPUT MODULES INCLUDED:
  .\Output\Adjust.obj (ADJUST)
  .\Output\Align.obj (ALIGN)
  .\Output\Auto.obj (AUTO)
  .\Output\Eeprom.obj (EEPROM)
  .\Output\FrameSync.obj (FRAMESYNC)
  .\Output\I2c.obj (I2C)
  .\Output\Int.obj (INT)
  .\Output\Key.obj (KEY)
  .\Output\Main.obj (MAIN)
  .\Output\Mcu.obj (MCU)
  .\Output\Misc.obj (MISC)
  .\Output\Mode.obj (MODE)
  .\Output\Power.obj (POWER)
  .\Output\Scaler.obj (SCALER)
  .\Output\Source.obj (SOURCE)
  .\Output\Struct.obj (STRUCT)
  .\Output\Sync.obj (SYNC)
  .\Output\Timer.obj (TIMER)
  .\Output\Video.obj (VIDEO)
  .\Output\Uart.obj (UART)
  .\Output\YPbPr.obj (YPBPR)
  .\Output\gmiOSDFunc.obj (GMIOSDFUNC)
  .\Output\Memory.obj (MEMORY)
  .\Output\Hdmi.obj (HDMI)
  .\Output\OsdPub007.obj (OSDPUB007)
  .\Output\OsdVga007.obj (OSDVGA007)
  .\Output\OsdAV007.obj (OSDAV007)
  .\Output\OsdTV007.obj (OSDTV007)
  .\Output\Func.obj (FUNC)
  .\Output\TV.obj (TV)
  .\Output\IR.obj (IR)
  .\Output\Langage.obj (LANGAGE)
  .\Output\Lcd_osdFac.obj (LCD_OSDFAC)
  .\Output\Logo.obj (LOGO)
  .\Output\Ddc.obj (DDC)
  .\Output\DDCRTDEE.obj (DDCRTDEE)
  .\Output\AV_TV.obj (AV_TV)
  .\Output\DDCCI.obj (DDCCI)
BL51 BANKED LINKER/LOCATER V6.15                                                      04/05/2012  16:53:02  PAGE 2


  .\Output\DDCCIDBG.obj (DDCCIDBG)
  .\Output\gmi_CLoadFont.obj (GMI_CLOADFONT)
  .\Output\gmi_COsdFxCloseWindow.obj (GMI_COSDFXCLOSEWINDOW)
  .\Output\gmi_CShowNumber.obj (GMI_CSHOWNUMBER)
  .\Output\gmi_DirectWOSDRam.obj (GMI_DIRECTWOSDRAM)
  .\Output\gmi_Gotoxy.obj (GMI_GOTOXY)
  .\Output\gmi_IRFunc.obj (GMI_IRFUNC)
  .\Output\gmi_Mode.obj (GMI_MODE)
  .\Output\gmi_OutputChar.obj (GMI_OUTPUTCHAR)
  .\Output\gmi_PWM.obj (GMI_PWM)
  .\Output\gmi_Scaler.obj (GMI_SCALER)
  .\Output\gmi_SetOSDDouble.obj (GMI_SETOSDDOUBLE)
  .\Output\gmi_SetOSDRamAddress.obj (GMI_SETOSDRAMADDRESS)
  .\Output\gmi_SetRowCmds.obj (GMI_SETROWCMDS)
  .\Output\gmi_TunerFunc.obj (GMI_TUNERFUNC)
  .\Output\gmi_ValueInRangeChange.obj (GMI_VALUEINRANGECHANGE)
  .\Output\TB1334.obj (TB1334)
  .\Output\WriteVideotable.obj (WRITEVIDEOTABLE)
  .\Output\Rs232.obj (RS232)
  D:\安装文件\KEIL\C51\LIB\C51FPS.LIB (?C?FPADD)
  D:\安装文件\KEIL\C51\LIB\C51FPS.LIB (?C?FPMUL)
  D:\安装文件\KEIL\C51\LIB\C51FPS.LIB (?C?FPDIV)
  D:\安装文件\KEIL\C51\LIB\C51FPS.LIB (?C?FPCMP)
  D:\安装文件\KEIL\C51\LIB\C51FPS.LIB (?C?FCAST)
  D:\安装文件\KEIL\C51\LIB\C51FPS.LIB (?C?CASTF)
  D:\安装文件\KEIL\C51\LIB\C51FPS.LIB (?C?FPGETOPN)
  D:\安装文件\KEIL\C51\LIB\C51S.LIB (?C_STARTUP)
  D:\安装文件\KEIL\C51\LIB\C51S.LIB (?C?COPY)
  D:\安装文件\KEIL\C51\LIB\C51S.LIB (?C?SCDIV)
  D:\安装文件\KEIL\C51\LIB\C51S.LIB (?C?CLDPTR)
  D:\安装文件\KEIL\C51\LIB\C51S.LIB (?C?CLDOPTR)
  D:\安装文件\KEIL\C51\LIB\C51S.LIB (?C?CILDPTR)
  D:\安装文件\KEIL\C51\LIB\C51S.LIB (?C?CSTPTR)
  D:\安装文件\KEIL\C51\LIB\C51S.LIB (?C?IMUL)
  D:\安装文件\KEIL\C51\LIB\C51S.LIB (?C?UIDIV)
  D:\安装文件\KEIL\C51\LIB\C51S.LIB (?C?SIDIV)
  D:\安装文件\KEIL\C51\LIB\C51S.LIB (?C?IILDX)
  D:\安装文件\KEIL\C51\LIB\C51S.LIB (?C?ILDPTR)
  D:\安装文件\KEIL\C51\LIB\C51S.LIB (?C?IILDPTR)
  D:\安装文件\KEIL\C51\LIB\C51S.LIB (?C?ISTPTR)
  D:\安装文件\KEIL\C51\LIB\C51S.LIB (?C?LADD)
  D:\安装文件\KEIL\C51\LIB\C51S.LIB (?C?LSUB)
  D:\安装文件\KEIL\C51\LIB\C51S.LIB (?C?LMUL)
  D:\安装文件\KEIL\C51\LIB\C51S.LIB (?C?ULDIV)
  D:\安装文件\KEIL\C51\LIB\C51S.LIB (?C?SLDIV)
  D:\安装文件\KEIL\C51\LIB\C51S.LIB (?C?LNEG)
  D:\安装文件\KEIL\C51\LIB\C51S.LIB (?C?SLCMP)
  D:\安装文件\KEIL\C51\LIB\C51S.LIB (?C?ULCMP)
  D:\安装文件\KEIL\C51\LIB\C51S.LIB (?C?ULSHR)
  D:\安装文件\KEIL\C51\LIB\C51S.LIB (?C?LSHL)
  D:\安装文件\KEIL\C51\LIB\C51S.LIB (?C?LLDIDATA)
  D:\安装文件\KEIL\C51\LIB\C51S.LIB (?C?LSTIDATA)
  D:\安装文件\KEIL\C51\LIB\C51S.LIB (?C?LSTKIDATA)
  D:\安装文件\KEIL\C51\LIB\C51S.LIB (?C?OFFXADD)
  D:\安装文件\KEIL\C51\LIB\C51S.LIB (?C?PLDIDATA)
  D:\安装文件\KEIL\C51\LIB\C51S.LIB (?C?PLDIIDATA)
  D:\安装文件\KEIL\C51\LIB\C51S.LIB (?C?PSTIDATA)
BL51 BANKED LINKER/LOCATER V6.15                                                      04/05/2012  16:53:02  PAGE 3


  D:\安装文件\KEIL\C51\LIB\C51S.LIB (?C?PLDCODE)
  D:\安装文件\KEIL\C51\LIB\C51S.LIB (?C?CCASE)
  D:\安装文件\KEIL\C51\LIB\C51S.LIB (?C?ICASE)
  D:\安装文件\KEIL\C51\LIB\C51S.LIB (?C?ICALL)
  D:\安装文件\KEIL\C51\LIB\C51S.LIB (?C?LIMUL)
  D:\安装文件\KEIL\C51\LIB\C51S.LIB (ABS)
  D:\安装文件\KEIL\C51\LIB\C51S.LIB (?C_INIT)


LINK MAP OF MODULE:  .\Output\RTD2xxxx (ADJUST)


            TYPE    BASE      LENGTH    RELOCATION   SEGMENT NAME
            -----------------------------------------------------

            * * * * * * *   D A T A   M E M O R Y   * * * * * * *
            REG     0000H     0008H     ABSOLUTE     "REG BANK 0"
            DATA    0008H     0012H     UNIT         ?DT?MAIN
            DATA    001AH     0005H     UNIT         ?DT?SCALER
            DATA    001FH     0001H     UNIT         ?DT?KEY
            BIT     0020H.0   0001H.1   UNIT         _BIT_GROUP_
            BIT     0021H.1   0000H.6   UNIT         ?BI?UART
            BIT     0021H.7   0000H.4   UNIT         ?BI?DDCCI
            BIT     0022H.3   0000H.3   UNIT         ?BI?VIDEO
            BIT     0022H.6   0000H.2   UNIT         ?BI?SYNC
            BIT     0023H.0   0000H.2   UNIT         ?BI?TIMER
            BIT     0023H.2   0000H.2   UNIT         ?BI?GMIOSDFUNC
            BIT     0023H.4   0000H.2   UNIT         ?BI?OSDPUB007
            BIT     0023H.6   0000H.1   UNIT         ?BI?KEY
            BIT     0023H.7   0000H.1   UNIT         ?BI?MODE
            BIT     0024H.0   0000H.1   UNIT         ?BI?CSWITCHTOI2C?UART
            BIT     0024H.1   0000H.1   UNIT         ?BI?TV
            BIT     0024H.2   0000H.1   UNIT         ?BI?AV_TV
                    0024H.3   0000H.5                *** GAP ***
            DATA    0025H     0039H     UNIT         _DATA_GROUP_
            DATA    005EH     0007H     UNIT         ?DT?OSDPUB007
            DATA    0065H     0004H     UNIT         ?DT?IR
            DATA    0069H     0002H     UNIT         ?DT?VIDEO
            DATA    006BH     0002H     UNIT         ?DT?GMIOSDFUNC
            DATA    006DH     0002H     UNIT         ?DT?AV_TV
            DATA    006FH     0002H     UNIT         ?DT?DDCCI
            DATA    0071H     0001H     UNIT         ?DT?TIMER
            DATA    0072H     0001H     UNIT         ?DT?CSWITCHTOI2C?UART
            DATA    0073H     0001H     UNIT         ?DT?TB1334
            DATA    0074H     0001H     UNIT         ?DT?_PROSSMCUIRHANDLE?RS232
            IDATA   0075H     0023H     UNIT         ?ID?TIMER
            IDATA   0098H     0018H     UNIT         ?ID?STRUCT
            IDATA   00B0H     0009H     UNIT         ?ID?AUTO
            IDATA   00B9H     0007H     UNIT         ?ID?MODE
            IDATA   00C0H     0004H     UNIT         ?ID?KEY
            IDATA   00C4H     0003H     UNIT         ?ID?SYNC
            IDATA   00C7H     0002H     UNIT         ?ID?GMIOSDFUNC
            IDATA   00C9H     0001H     UNIT         ?ID?ADJUST
            IDATA   00CAH     0001H     UNIT         ?ID?POWER
            IDATA   00CBH     0001H     UNIT         ?ID?MEMORY
            IDATA   00CCH     0001H     UNIT         ?ID?HDMI
            IDATA   00CDH     0001H     UNIT         ?ID?TV
BL51 BANKED LINKER/LOCATER V6.15                                                      04/05/2012  16:53:02  PAGE 4


            IDATA   00CEH     0001H     UNIT         ?STACK

            * * * * * * *  X D A T A   M E M O R Y  * * * * * * *
                    0000H     0200H                  *** GAP ***
            XDATA   0200H     007BH     ABSOLUTE     
            XDATA   027BH     003AH     ABSOLUTE     
            XDATA   02B5H     0028H     ABSOLUTE     
            XDATA   02DDH     002EH     ABSOLUTE     
            XDATA   030BH     002EH     ABSOLUTE     
            XDATA   0339H     081FH     ABSOLUTE     
            XDATA   0B58H     028DH     ABSOLUTE     
            XDATA   0DE5H     0370H     ABSOLUTE     
            XDATA   1155H     0391H     ABSOLUTE     
            XDATA   14E6H     03EFH     ABSOLUTE     
            XDATA   18D5H     0702H     ABSOLUTE     
            XDATA   1FD7H     0449H     ABSOLUTE     
            XDATA   2420H     006EH     ABSOLUTE     
            XDATA   248EH     006CH     ABSOLUTE     
            XDATA   24FAH     08F7H     ABSOLUTE     
            XDATA   2DF1H     01A1H     ABSOLUTE     
            XDATA   2F92H     0007H     ABSOLUTE     
            XDATA   2F99H     0007H     ABSOLUTE     
            XDATA   2FA0H     0007H     ABSOLUTE     
            XDATA   2FA7H     0007H     ABSOLUTE     
            XDATA   2FAEH     0007H     ABSOLUTE     
            XDATA   2FB5H     0030H     ABSOLUTE     
            XDATA   2FE5H     000BH     ABSOLUTE     
            XDATA   2FF0H     000BH     ABSOLUTE     
            XDATA   2FFBH     000BH     ABSOLUTE     
            XDATA   3006H     000BH     ABSOLUTE     
            XDATA   3011H     0007H     ABSOLUTE     
            XDATA   3018H     0003H     ABSOLUTE     
            XDATA   301BH     0008H     ABSOLUTE     
            XDATA   3023H     0007H     ABSOLUTE     
            XDATA   302AH     0004H     ABSOLUTE     
            XDATA   302EH     0006H     ABSOLUTE     
            XDATA   3034H     0016H     ABSOLUTE     
            XDATA   304AH     0009H     ABSOLUTE     
            XDATA   3053H     0009H     ABSOLUTE     
            XDATA   305CH     000AH     ABSOLUTE     
            XDATA   3066H     000AH     ABSOLUTE     
            XDATA   3070H     000AH     ABSOLUTE     
            XDATA   307AH     0004H     ABSOLUTE     
            XDATA   307EH     0009H     ABSOLUTE     
            XDATA   3087H     0004H     ABSOLUTE     
            XDATA   308BH     0006H     ABSOLUTE     
            XDATA   3091H     0009H     ABSOLUTE     
            XDATA   309AH     0016H     ABSOLUTE     
            XDATA   30B0H     0006H     ABSOLUTE     
            XDATA   30B6H     0006H     ABSOLUTE     
            XDATA   30BCH     0006H     ABSOLUTE     
            XDATA   30C2H     0005H     ABSOLUTE     
            XDATA   30C7H     0005H     ABSOLUTE     
            XDATA   30CCH     0003H     ABSOLUTE     
            XDATA   30CFH     0007H     ABSOLUTE     
            XDATA   30D6H     0004H     ABSOLUTE     
            XDATA   30DAH     0005H     ABSOLUTE     
BL51 BANKED LINKER/LOCATER V6.15                                                      04/05/2012  16:53:02  PAGE 5


            XDATA   30DFH     0004H     ABSOLUTE     
            XDATA   30E3H     0016H     ABSOLUTE     
            XDATA   30F9H     0006H     ABSOLUTE     
            XDATA   30FFH     0005H     ABSOLUTE     
            XDATA   3104H     0008H     ABSOLUTE     
            XDATA   310CH     0010H     ABSOLUTE     
            XDATA   311CH     0006H     ABSOLUTE     
            XDATA   3122H     0003H     ABSOLUTE     
            XDATA   3125H     0005H     ABSOLUTE     
            XDATA   312AH     0008H     ABSOLUTE     
            XDATA   3132H     0004H     ABSOLUTE     
            XDATA   3136H     0006H     ABSOLUTE     
            XDATA   313CH     0016H     ABSOLUTE     
            XDATA   3152H     000BH     ABSOLUTE     
            XDATA   315DH     000CH     ABSOLUTE     
            XDATA   3169H     000CH     ABSOLUTE     
            XDATA   3175H     000FH     ABSOLUTE     
            XDATA   3184H     000BH     ABSOLUTE     
            XDATA   318FH     0005H     ABSOLUTE     
            XDATA   3194H     000CH     ABSOLUTE     
            XDATA   31A0H     000AH     ABSOLUTE     
            XDATA   31AAH     000AH     ABSOLUTE     
            XDATA   31B4H     000AH     ABSOLUTE     
            XDATA   31BEH     0016H     ABSOLUTE     
            XDATA   31D4H     000BH     ABSOLUTE     
            XDATA   31DFH     000CH     ABSOLUTE     
            XDATA   31EBH     000CH     ABSOLUTE     
            XDATA   31F7H     000FH     ABSOLUTE     
            XDATA   3206H     000BH     ABSOLUTE     
            XDATA   3211H     0005H     ABSOLUTE     
            XDATA   3216H     000CH     ABSOLUTE     
            XDATA   3222H     000AH     ABSOLUTE     
            XDATA   322CH     000AH     ABSOLUTE     
            XDATA   3236H     000CH     ABSOLUTE     
            XDATA   3242H     0016H     ABSOLUTE     
            XDATA   3258H     0009H     ABSOLUTE     
            XDATA   3261H     0008H     ABSOLUTE     
            XDATA   3269H     0007H     ABSOLUTE     
            XDATA   3270H     0007H     ABSOLUTE     
            XDATA   3277H     0009H     ABSOLUTE     
            XDATA   3280H     0003H     ABSOLUTE     
            XDATA   3283H     0005H     ABSOLUTE     
            XDATA   3288H     0004H     ABSOLUTE     
            XDATA   328CH     0007H     ABSOLUTE     
            XDATA   3293H     0010H     ABSOLUTE     
            XDATA   32A3H     0016H     ABSOLUTE     
            XDATA   32B9H     0008H     ABSOLUTE     
            XDATA   32C1H     0008H     ABSOLUTE     
            XDATA   32C9H     0009H     ABSOLUTE     
            XDATA   32D2H     0009H     ABSOLUTE     
            XDATA   32DBH     0008H     ABSOLUTE     
            XDATA   32E3H     0005H     ABSOLUTE     
            XDATA   32E8H     0005H     ABSOLUTE     
            XDATA   32EDH     0009H     ABSOLUTE     
            XDATA   32F6H     0006H     ABSOLUTE     
            XDATA   32FCH     0008H     ABSOLUTE     
            XDATA   3304H     0007H     ABSOLUTE     
BL51 BANKED LINKER/LOCATER V6.15                                                      04/05/2012  16:53:02  PAGE 6


            XDATA   330BH     0016H     ABSOLUTE     
            XDATA   3321H     0009H     ABSOLUTE     
            XDATA   332AH     000CH     ABSOLUTE     
            XDATA   3336H     000EH     ABSOLUTE     
            XDATA   3344H     000FH     ABSOLUTE     
            XDATA   3353H     000EH     ABSOLUTE     
            XDATA   3361H     0005H     ABSOLUTE     
            XDATA   3366H     0009H     ABSOLUTE     
            XDATA   336FH     0007H     ABSOLUTE     
            XDATA   3376H     000CH     ABSOLUTE     
            XDATA   3382H     0016H     ABSOLUTE     
            XDATA   3398H     000CH     ABSOLUTE     
            XDATA   33A4H     0013H     ABSOLUTE     
            XDATA   33B7H     000DH     ABSOLUTE     
            XDATA   33C4H     000FH     ABSOLUTE     
            XDATA   33D3H     0013H     ABSOLUTE     
            XDATA   33E6H     0005H     ABSOLUTE     
            XDATA   33EBH     0012H     ABSOLUTE     
            XDATA   33FDH     0008H     ABSOLUTE     
            XDATA   3405H     0013H     ABSOLUTE     
            XDATA   3418H     0004H     ABSOLUTE     
            XDATA   341CH     0016H     ABSOLUTE     
            XDATA   3432H     0005H     ABSOLUTE     
            XDATA   3437H     0005H     ABSOLUTE     
            XDATA   343CH     0005H     ABSOLUTE     
            XDATA   3441H     0007H     ABSOLUTE     
            XDATA   3448H     000BH     ABSOLUTE     
            XDATA   3453H     0005H     ABSOLUTE     
            XDATA   3458H     0012H     ABSOLUTE     
            XDATA   346AH     0004H     ABSOLUTE     
            XDATA   346EH     000BH     ABSOLUTE     
            XDATA   3479H     0004H     ABSOLUTE     
            XDATA   347DH     0016H     ABSOLUTE     
            XDATA   3493H     000BH     ABSOLUTE     
            XDATA   349EH     0013H     ABSOLUTE     
            XDATA   34B1H     0014H     ABSOLUTE     
            XDATA   34C5H     0012H     ABSOLUTE     
            XDATA   34D7H     0011H     ABSOLUTE     
            XDATA   34E8H     0007H     ABSOLUTE     
            XDATA   34EFH     000AH     ABSOLUTE     
            XDATA   34F9H     0008H     ABSOLUTE     
            XDATA   3501H     0010H     ABSOLUTE     
            XDATA   3511H     0008H     ABSOLUTE     
            XDATA   3519H     0016H     ABSOLUTE     
            XDATA   352FH     0006H     ABSOLUTE     
            XDATA   3535H     000EH     ABSOLUTE     
            XDATA   3543H     0007H     ABSOLUTE     
            XDATA   354AH     000BH     ABSOLUTE     
            XDATA   3555H     000AH     ABSOLUTE     
            XDATA   355FH     0003H     ABSOLUTE     
            XDATA   3562H     000AH     ABSOLUTE     
            XDATA   356CH     0004H     ABSOLUTE     
            XDATA   3570H     000AH     ABSOLUTE     
            XDATA   357AH     0015H     ABSOLUTE     
            XDATA   358FH     0016H     ABSOLUTE     
            XDATA   35A5H     0005H     ABSOLUTE     
            XDATA   35AAH     0008H     ABSOLUTE     
BL51 BANKED LINKER/LOCATER V6.15                                                      04/05/2012  16:53:02  PAGE 7


            XDATA   35B2H     0007H     ABSOLUTE     
            XDATA   35B9H     0007H     ABSOLUTE     
            XDATA   35C0H     0007H     ABSOLUTE     
            XDATA   35C7H     0003H     ABSOLUTE     
            XDATA   35CAH     0008H     ABSOLUTE     
            XDATA   35D2H     0004H     ABSOLUTE     
            XDATA   35D6H     0005H     ABSOLUTE     
            XDATA   35DBH     0007H     ABSOLUTE     
            XDATA   35E2H     0016H     ABSOLUTE     
            XDATA   35F8H     000AH     ABSOLUTE     
            XDATA   3602H     000CH     ABSOLUTE     
            XDATA   360EH     000CH     ABSOLUTE     
            XDATA   361AH     000EH     ABSOLUTE     
            XDATA   3628H     000BH     ABSOLUTE     
            XDATA   3633H     0004H     ABSOLUTE     
            XDATA   3637H     000FH     ABSOLUTE     
            XDATA   3646H     0008H     ABSOLUTE     
            XDATA   364EH     000AH     ABSOLUTE     
            XDATA   3658H     0009H     ABSOLUTE     
            XDATA   3661H     0016H     ABSOLUTE     
            XDATA   3677H     0014H     ABSOLUTE     
            XDATA   368BH     001BH     ABSOLUTE     
            XDATA   36A6H     0011H     ABSOLUTE     
            XDATA   36B7H     0011H     ABSOLUTE     
            XDATA   36C8H     0012H     ABSOLUTE     
            XDATA   36DAH     0005H     ABSOLUTE     
            XDATA   36DFH     0014H     ABSOLUTE     
            XDATA   36F3H     0012H     ABSOLUTE     
            XDATA   3705H     0012H     ABSOLUTE     
            XDATA   3717H     000EH     ABSOLUTE     
            XDATA   3725H     0016H     ABSOLUTE     
            XDATA   373BH     000CH     ABSOLUTE     
            XDATA   3747H     000DH     ABSOLUTE     
            XDATA   3754H     000CH     ABSOLUTE     
            XDATA   3760H     000CH     ABSOLUTE     
            XDATA   376CH     0010H     ABSOLUTE     
            XDATA   377CH     0007H     ABSOLUTE     
            XDATA   3783H     000CH     ABSOLUTE     
            XDATA   378FH     0008H     ABSOLUTE     
            XDATA   3797H     0010H     ABSOLUTE     
            XDATA   37A7H     0012H     ABSOLUTE     
            XDATA   37B9H     0016H     ABSOLUTE     
            XDATA   37CFH     0004H     ABSOLUTE     
            XDATA   37D3H     0008H     ABSOLUTE     
            XDATA   37DBH     0007H     ABSOLUTE     
            XDATA   37E2H     0009H     ABSOLUTE     
            XDATA   37EBH     0006H     ABSOLUTE     
            XDATA   37F1H     0003H     ABSOLUTE     
            XDATA   37F4H     0009H     ABSOLUTE     
            XDATA   37FDH     0004H     ABSOLUTE     
            XDATA   3801H     000BH     ABSOLUTE     
            XDATA   380CH     000DH     ABSOLUTE     
            XDATA   3819H     0016H     ABSOLUTE     
            XDATA   382FH     000BH     ABSOLUTE     
            XDATA   383AH     000AH     ABSOLUTE     
            XDATA   3844H     000BH     ABSOLUTE     
            XDATA   384FH     000CH     ABSOLUTE     
BL51 BANKED LINKER/LOCATER V6.15                                                      04/05/2012  16:53:02  PAGE 8


            XDATA   385BH     000BH     ABSOLUTE     
            XDATA   3866H     0004H     ABSOLUTE     
            XDATA   386AH     000DH     ABSOLUTE     
            XDATA   3877H     0004H     ABSOLUTE     
            XDATA   387BH     000AH     ABSOLUTE     
            XDATA   3885H     000EH     ABSOLUTE     
            XDATA   3893H     0016H     ABSOLUTE     
            XDATA   38A9H     000AH     ABSOLUTE     
            XDATA   38B3H     0016H     ABSOLUTE     
            XDATA   38C9H     000EH     ABSOLUTE     
            XDATA   38D7H     0011H     ABSOLUTE     
            XDATA   38E8H     0011H     ABSOLUTE     
            XDATA   38F9H     0005H     ABSOLUTE     
            XDATA   38FEH     000FH     ABSOLUTE     
            XDATA   390DH     0006H     ABSOLUTE     
            XDATA   3913H     000EH     ABSOLUTE     
            XDATA   3921H     0011H     ABSOLUTE     
            XDATA   3932H     0016H     ABSOLUTE     
            XDATA   3948H     000DH     ABSOLUTE     
            XDATA   3955H     000EH     ABSOLUTE     
            XDATA   3963H     000FH     ABSOLUTE     
            XDATA   3972H     000EH     ABSOLUTE     
            XDATA   3980H     000FH     ABSOLUTE     
            XDATA   398FH     0009H     ABSOLUTE     
            XDATA   3998H     000DH     ABSOLUTE     
            XDATA   39A5H     0008H     ABSOLUTE     
            XDATA   39ADH     000DH     ABSOLUTE     
            XDATA   39BAH     0014H     ABSOLUTE     
            XDATA   39CEH     000CH     ABSOLUTE     
            XDATA   39DAH     000BH     ABSOLUTE     
            XDATA   39E5H     000FH     ABSOLUTE     
            XDATA   39F4H     000DH     ABSOLUTE     
            XDATA   3A01H     000FH     ABSOLUTE     
            XDATA   3A10H     0005H     ABSOLUTE     
            XDATA   3A15H     000BH     ABSOLUTE     
            XDATA   3A20H     0008H     ABSOLUTE     
            XDATA   3A28H     0011H     ABSOLUTE     
            XDATA   3A39H     0008H     ABSOLUTE     
            XDATA   3A41H     0016H     ABSOLUTE     
            XDATA   3A57H     000EH     ABSOLUTE     
            XDATA   3A65H     000EH     ABSOLUTE     
            XDATA   3A73H     000EH     ABSOLUTE     
            XDATA   3A81H     0010H     ABSOLUTE     
            XDATA   3A91H     000DH     ABSOLUTE     
            XDATA   3A9EH     0005H     ABSOLUTE     
            XDATA   3AA3H     000DH     ABSOLUTE     
            XDATA   3AB0H     0008H     ABSOLUTE     
            XDATA   3AB8H     000DH     ABSOLUTE     
            XDATA   3AC5H     0006H     ABSOLUTE     
            XDATA   3ACBH     0016H     ABSOLUTE     
            XDATA   3AE1H     0007H     ABSOLUTE     
            XDATA   3AE8H     000BH     ABSOLUTE     
            XDATA   3AF3H     0008H     ABSOLUTE     
            XDATA   3AFBH     0008H     ABSOLUTE     
            XDATA   3B03H     000EH     ABSOLUTE     
            XDATA   3B11H     0003H     ABSOLUTE     
            XDATA   3B14H     0008H     ABSOLUTE     
BL51 BANKED LINKER/LOCATER V6.15                                                      04/05/2012  16:53:02  PAGE 9


            XDATA   3B1CH     0004H     ABSOLUTE     
            XDATA   3B20H     0009H     ABSOLUTE     
            XDATA   3B29H     000FH     ABSOLUTE     
            XDATA   3B38H     0016H     ABSOLUTE     
            XDATA   3B4EH     0004H     ABSOLUTE     
            XDATA   3B52H     0004H     ABSOLUTE     
            XDATA   3B56H     0004H     ABSOLUTE     
            XDATA   3B5AH     0008H     ABSOLUTE     
            XDATA   3B62H     000DH     ABSOLUTE     
            XDATA   3B6FH     0006H     ABSOLUTE     
            XDATA   3B75H     0007H     ABSOLUTE     
            XDATA   3B7CH     0006H     ABSOLUTE     
            XDATA   3B82H     0003H     ABSOLUTE     
            XDATA   3B85H     0007H     ABSOLUTE     
            XDATA   3B8CH     0004H     ABSOLUTE     
            XDATA   3B90H     0006H     ABSOLUTE     
            XDATA   3B96H     0007H     ABSOLUTE     
            XDATA   3B9DH     0016H     ABSOLUTE     
            XDATA   3BB3H     0005H     ABSOLUTE     
            XDATA   3BB8H     0009H     ABSOLUTE     
            XDATA   3BC1H     0008H     ABSOLUTE     
            XDATA   3BC9H     0008H     ABSOLUTE     
            XDATA   3BD1H     0008H     ABSOLUTE     
            XDATA   3BD9H     0005H     ABSOLUTE     
            XDATA   3BDEH     0006H     ABSOLUTE     
            XDATA   3BE4H     0004H     ABSOLUTE     
            XDATA   3BE8H     0007H     ABSOLUTE     
            XDATA   3BEFH     0010H     ABSOLUTE     
            XDATA   3BFFH     0016H     ABSOLUTE     
            XDATA   3C15H     0005H     ABSOLUTE     
            XDATA   3C1AH     000DH     ABSOLUTE     
            XDATA   3C27H     0007H     ABSOLUTE     
            XDATA   3C2EH     0006H     ABSOLUTE     
            XDATA   3C34H     0006H     ABSOLUTE     
            XDATA   3C3AH     0005H     ABSOLUTE     
            XDATA   3C3FH     0008H     ABSOLUTE     
            XDATA   3C47H     0006H     ABSOLUTE     
            XDATA   3C4DH     0007H     ABSOLUTE     
            XDATA   3C54H     0004H     ABSOLUTE     
            XDATA   3C58H     0016H     ABSOLUTE     
            XDATA   3C6EH     0005H     ABSOLUTE     
            XDATA   3C73H     0005H     ABSOLUTE     
            XDATA   3C78H     0005H     ABSOLUTE     
            XDATA   3C7DH     0004H     ABSOLUTE     
            XDATA   3C81H     0005H     ABSOLUTE     
            XDATA   3C86H     0003H     ABSOLUTE     
            XDATA   3C89H     0006H     ABSOLUTE     
            XDATA   3C8FH     000AH     ABSOLUTE     
            XDATA   3C99H     0005H     ABSOLUTE     
            XDATA   3C9EH     0008H     ABSOLUTE     
            XDATA   3CA6H     0016H     ABSOLUTE     
            XDATA   3CBCH     0010H     ABSOLUTE     
            XDATA   3CCCH     0010H     ABSOLUTE     
            XDATA   3CDCH     0014H     ABSOLUTE     
            XDATA   3CF0H     000BH     ABSOLUTE     
            XDATA   3CFBH     0012H     ABSOLUTE     
            XDATA   3D0DH     0005H     ABSOLUTE     
BL51 BANKED LINKER/LOCATER V6.15                                                      04/05/2012  16:53:02  PAGE 10


            XDATA   3D12H     0010H     ABSOLUTE     
            XDATA   3D22H     0008H     ABSOLUTE     
            XDATA   3D2AH     0014H     ABSOLUTE     
            XDATA   3D3EH     0012H     ABSOLUTE     
            XDATA   3D50H     0016H     ABSOLUTE     
            XDATA   3D66H     000BH     ABSOLUTE     
            XDATA   3D71H     000DH     ABSOLUTE     
            XDATA   3D7EH     0010H     ABSOLUTE     
            XDATA   3D8EH     000FH     ABSOLUTE     
            XDATA   3D9DH     000FH     ABSOLUTE     
            XDATA   3DACH     0005H     ABSOLUTE     
            XDATA   3DB1H     000DH     ABSOLUTE     
            XDATA   3DBEH     0008H     ABSOLUTE     
            XDATA   3DC6H     0009H     ABSOLUTE     
            XDATA   3DCFH     000BH     ABSOLUTE     
            XDATA   3DDAH     0016H     ABSOLUTE     
            XDATA   3DF0H     0005H     ABSOLUTE     
            XDATA   3DF5H     0006H     ABSOLUTE     
            XDATA   3DFBH     0005H     ABSOLUTE     
            XDATA   3E00H     0008H     ABSOLUTE     
            XDATA   3E08H     0006H     ABSOLUTE     
            XDATA   3E0EH     0003H     ABSOLUTE     
            XDATA   3E11H     0008H     ABSOLUTE     
            XDATA   3E19H     0008H     ABSOLUTE     
            XDATA   3E21H     0006H     ABSOLUTE     
            XDATA   3E27H     0006H     ABSOLUTE     
            XDATA   3E2DH     0016H     ABSOLUTE     
            XDATA   3E43H     0006H     ABSOLUTE     
            XDATA   3E49H     0005H     ABSOLUTE     
            XDATA   3E4EH     0006H     ABSOLUTE     
            XDATA   3E54H     0007H     ABSOLUTE     
            XDATA   3E5BH     0007H     ABSOLUTE     
            XDATA   3E62H     0003H     ABSOLUTE     
            XDATA   3E65H     0006H     ABSOLUTE     
            XDATA   3E6BH     0004H     ABSOLUTE     
            XDATA   3E6FH     0006H     ABSOLUTE     
            XDATA   3E75H     0007H     ABSOLUTE     
            XDATA   3E7CH     0016H     ABSOLUTE     
            XDATA   3E92H     0009H     ABSOLUTE     
            XDATA   3E9BH     0005H     ABSOLUTE     
            XDATA   3EA0H     0009H     ABSOLUTE     
            XDATA   3EA9H     0009H     ABSOLUTE     
            XDATA   3EB2H     0009H     ABSOLUTE     
            XDATA   3EBBH     0003H     ABSOLUTE     
            XDATA   3EBEH     0003H     ABSOLUTE     
            XDATA   3EC1H     0007H     ABSOLUTE     
            XDATA   3EC8H     0009H     ABSOLUTE     
            XDATA   3ED1H     0004H     ABSOLUTE     
            XDATA   3ED5H     0007H     ABSOLUTE     
            XDATA   3EDCH     0016H     ABSOLUTE     
            XDATA   3EF2H     0009H     ABSOLUTE     
            XDATA   3EFBH     000BH     ABSOLUTE     
            XDATA   3F06H     000AH     ABSOLUTE     
            XDATA   3F10H     000AH     ABSOLUTE     
            XDATA   3F1AH     0009H     ABSOLUTE     
            XDATA   3F23H     0003H     ABSOLUTE     
            XDATA   3F26H     000DH     ABSOLUTE     
BL51 BANKED LINKER/LOCATER V6.15                                                      04/05/2012  16:53:02  PAGE 11


            XDATA   3F33H     0006H     ABSOLUTE     
            XDATA   3F39H     0008H     ABSOLUTE     
            XDATA   3F41H     0006H     ABSOLUTE     
            XDATA   3F47H     0016H     ABSOLUTE     
            XDATA   3F5DH     0006H     ABSOLUTE     
            XDATA   3F63H     0006H     ABSOLUTE     
            XDATA   3F69H     0006H     ABSOLUTE     
            XDATA   3F6FH     0006H     ABSOLUTE     
            XDATA   3F75H     0006H     ABSOLUTE     
            XDATA   3F7BH     0006H     ABSOLUTE     
            XDATA   3F81H     0009H     ABSOLUTE     
            XDATA   3F8AH     0010H     ABSOLUTE     
            XDATA   3F9AH     0006H     ABSOLUTE     
            XDATA   3FA0H     0006H     ABSOLUTE     
            XDATA   3FA6H     0006H     ABSOLUTE     
            XDATA   3FACH     0006H     ABSOLUTE     
            XDATA   3FB2H     0006H     ABSOLUTE     
            XDATA   3FB8H     0006H     ABSOLUTE     
            XDATA   3FBEH     0006H     ABSOLUTE     
            XDATA   3FC4H     0009H     ABSOLUTE     
            XDATA   3FCDH     0010H     ABSOLUTE     
            XDATA   3FDDH     0007H     ABSOLUTE     
            XDATA   3FE4H     0008H     ABSOLUTE     
            XDATA   3FECH     0007H     ABSOLUTE     
            XDATA   3FF3H     0007H     ABSOLUTE     
            XDATA   3FFAH     0008H     ABSOLUTE     
            XDATA   4002H     0003H     ABSOLUTE     
            XDATA   4005H     0006H     ABSOLUTE     
            XDATA   400BH     0004H     ABSOLUTE     
            XDATA   400FH     0007H     ABSOLUTE     
            XDATA   4016H     0006H     ABSOLUTE     
            XDATA   401CH     0016H     ABSOLUTE     
            XDATA   4032H     000CH     ABSOLUTE     
            XDATA   403EH     0008H     ABSOLUTE     
            XDATA   4046H     0010H     ABSOLUTE     
            XDATA   4056H     000EH     ABSOLUTE     
            XDATA   4064H     0010H     ABSOLUTE     
            XDATA   4074H     0003H     ABSOLUTE     
            XDATA   4077H     000AH     ABSOLUTE     
            XDATA   4081H     0006H     ABSOLUTE     
            XDATA   4087H     000EH     ABSOLUTE     
            XDATA   4095H     0006H     ABSOLUTE     
            XDATA   409BH     0016H     ABSOLUTE     
            XDATA   40B1H     0004H     ABSOLUTE     
            XDATA   40B5H     0004H     ABSOLUTE     
            XDATA   40B9H     0003H     ABSOLUTE     
            XDATA   40BCH     0007H     ABSOLUTE     
            XDATA   40C3H     0003H     ABSOLUTE     
            XDATA   40C6H     0004H     ABSOLUTE     
            XDATA   40CAH     0005H     ABSOLUTE     
            XDATA   40CFH     0004H     ABSOLUTE     
            XDATA   40D3H     0006H     ABSOLUTE     
            XDATA   40D9H     0004H     ABSOLUTE     
            XDATA   40DDH     0005H     ABSOLUTE     
            XDATA   40E2H     0006H     ABSOLUTE     
            XDATA   40E8H     0004H     ABSOLUTE     
            XDATA   40ECH     000BH     ABSOLUTE     
BL51 BANKED LINKER/LOCATER V6.15                                                      04/05/2012  16:53:02  PAGE 12


            XDATA   40F7H     0005H     ABSOLUTE     
            XDATA   40FCH     0005H     ABSOLUTE     
            XDATA   4101H     0005H     ABSOLUTE     
            XDATA   4106H     0005H     ABSOLUTE     
            XDATA   410BH     000AH     ABSOLUTE     
            XDATA   4115H     000AH     ABSOLUTE     
            XDATA   411FH     000BH     ABSOLUTE     
            XDATA   412AH     000BH     ABSOLUTE     
            XDATA   4135H     000BH     ABSOLUTE     
            XDATA   4140H     000BH     ABSOLUTE     
            XDATA   414BH     0014H     ABSOLUTE     
            XDATA   415FH     0007H     ABSOLUTE     
            XDATA   4166H     000AH     ABSOLUTE     
            XDATA   4170H     000AH     ABSOLUTE     
            XDATA   417AH     0009H     ABSOLUTE     
            XDATA   4183H     0006H     ABSOLUTE     
            XDATA   4189H     0007H     ABSOLUTE     
            XDATA   4190H     0006H     ABSOLUTE     
            XDATA   4196H     0007H     ABSOLUTE     
            XDATA   419DH     0006H     ABSOLUTE     
            XDATA   41A3H     0009H     ABSOLUTE     
            XDATA   41ACH     0009H     ABSOLUTE     
            XDATA   41B5H     0008H     ABSOLUTE     
            XDATA   41BDH     0009H     ABSOLUTE     
            XDATA   41C6H     001AH     ABSOLUTE     
            XDATA   41E0H     0005H     ABSOLUTE     
            XDATA   41E5H     0005H     ABSOLUTE     
            XDATA   41EAH     0005H     ABSOLUTE     
            XDATA   41EFH     0005H     ABSOLUTE     
            XDATA   41F4H     0008H     ABSOLUTE     
            XDATA   41FCH     0003H     ABSOLUTE     
            XDATA   41FFH     0004H     ABSOLUTE     
            XDATA   4203H     0007H     ABSOLUTE     
            XDATA   420AH     0007H     ABSOLUTE     
            XDATA   4211H     0005H     ABSOLUTE     
            XDATA   4216H     0002H     ABSOLUTE     
            XDATA   4218H     0005H     ABSOLUTE     
            XDATA   421DH     0003H     ABSOLUTE     
            XDATA   4220H     0004H     ABSOLUTE     
            XDATA   4224H     0004H     ABSOLUTE     
            XDATA   4228H     0004H     ABSOLUTE     
            XDATA   422CH     0004H     ABSOLUTE     
            XDATA   4230H     0007H     ABSOLUTE     
            XDATA   4237H     0004H     ABSOLUTE     
            XDATA   423BH     0004H     ABSOLUTE     
            XDATA   423FH     0002H     ABSOLUTE     
            XDATA   4241H     0008H     ABSOLUTE     
            XDATA   4249H     0006H     ABSOLUTE     
            XDATA   424FH     0004H     ABSOLUTE     
            XDATA   4253H     0004H     ABSOLUTE     
            XDATA   4257H     002CH     ABSOLUTE     
            XDATA   4283H     000AH     ABSOLUTE     
            XDATA   428DH     000DH     ABSOLUTE     
            XDATA   429AH     0011H     ABSOLUTE     
            XDATA   42ABH     0014H     ABSOLUTE     
            XDATA   42BFH     0013H     ABSOLUTE     
            XDATA   42D2H     0005H     ABSOLUTE     
BL51 BANKED LINKER/LOCATER V6.15                                                      04/05/2012  16:53:02  PAGE 13


            XDATA   42D7H     0018H     ABSOLUTE     
            XDATA   42EFH     0003H     ABSOLUTE     
            XDATA   42F2H     000AH     ABSOLUTE     
            XDATA   42FCH     000AH     ABSOLUTE     
            XDATA   4306H     0016H     ABSOLUTE     
            XDATA   431CH     000EH     ABSOLUTE     
            XDATA   432AH     0005H     ABSOLUTE     
            XDATA   432FH     0016H     ABSOLUTE     
            XDATA   4345H     0005H     ABSOLUTE     
            XDATA   434AH     0004H     ABSOLUTE     
            XDATA   434EH     0004H     ABSOLUTE     
            XDATA   4352H     0005H     ABSOLUTE     
            XDATA   4357H     0004H     ABSOLUTE     
            XDATA   435BH     0004H     ABSOLUTE     
                    435FH     B4A1H                  *** GAP ***
            XDATA   F800H     00E9H     UNIT         ?XD?MAIN
            XDATA   F8E9H     004BH     UNIT         ?XD?DDCCI
            XDATA   F934H     0033H     UNIT         ?XD?STRUCT
            XDATA   F967H     000BH     UNIT         ?XD?UART
            XDATA   F972H     0004H     UNIT         ?XD?GMIOSDFUNC
            XDATA   F976H     0004H     UNIT         ?XD?TV
            XDATA   F97AH     0002H     UNIT         ?XD?VIDEO
            XDATA   F97CH     0001H     UNIT         ?XD?OSDPUB007
            XDATA   F97DH     0001H     UNIT         ?XD?DDCCIDBG
                    F97EH     0582H                  *** GAP ***
            XDATA   FF00H     0001H     ABSOLUTE     
            XDATA   FF01H     0001H     ABSOLUTE     
            XDATA   FF02H     0001H     ABSOLUTE     
            XDATA   FF03H     0001H     ABSOLUTE     
            XDATA   FF04H     0001H     ABSOLUTE     
            XDATA   FF05H     0001H     ABSOLUTE     
                    FF06H     0003H                  *** GAP ***
            XDATA   FF09H     0001H     ABSOLUTE     
            XDATA   FF0AH     0001H     ABSOLUTE     
            XDATA   FF0BH     0001H     ABSOLUTE     
            XDATA   FF0CH     0001H     ABSOLUTE     
            XDATA   FF0DH     0001H     ABSOLUTE     
            XDATA   FF0EH     0001H     ABSOLUTE     
            XDATA   FF0FH     0001H     ABSOLUTE     
            XDATA   FF10H     0001H     ABSOLUTE     
            XDATA   FF11H     0001H     ABSOLUTE     
            XDATA   FF12H     0001H     ABSOLUTE     
            XDATA   FF13H     0001H     ABSOLUTE     
                    FF14H     000CH                  *** GAP ***
            XDATA   FF20H     0001H     ABSOLUTE     
            XDATA   FF21H     0001H     ABSOLUTE     
                    FF22H     0001H                  *** GAP ***
            XDATA   FF23H     0001H     ABSOLUTE     
            XDATA   FF24H     0001H     ABSOLUTE     
                    FF25H     0001H                  *** GAP ***
            XDATA   FF26H     0001H     ABSOLUTE     
            XDATA   FF27H     0001H     ABSOLUTE     
            XDATA   FF28H     0001H     ABSOLUTE     
            XDATA   FF29H     0001H     ABSOLUTE     
            XDATA   FF2AH     0001H     ABSOLUTE     
            XDATA   FF2BH     0001H     ABSOLUTE     
            XDATA   FF2CH     0001H     ABSOLUTE     
BL51 BANKED LINKER/LOCATER V6.15                                                      04/05/2012  16:53:02  PAGE 14


                    FF2DH     0003H                  *** GAP ***
            XDATA   FF30H     0001H     ABSOLUTE     
            XDATA   FF31H     0001H     ABSOLUTE     
            XDATA   FF32H     0001H     ABSOLUTE     
            XDATA   FF33H     0001H     ABSOLUTE     
            XDATA   FF34H     0001H     ABSOLUTE     
            XDATA   FF35H     0001H     ABSOLUTE     
            XDATA   FF36H     0001H     ABSOLUTE     
            XDATA   FF37H     0001H     ABSOLUTE     
            XDATA   FF38H     0001H     ABSOLUTE     
            XDATA   FF39H     0001H     ABSOLUTE     
            XDATA   FF3AH     0001H     ABSOLUTE     
                    FF3BH     0015H                  *** GAP ***
            XDATA   FF50H     0008H     ABSOLUTE     
            XDATA   FF58H     0008H     ABSOLUTE     
            XDATA   FF60H     0002H     ABSOLUTE     
                    FF62H     002EH                  *** GAP ***
            XDATA   FF90H     0001H     ABSOLUTE     
            XDATA   FF91H     0001H     ABSOLUTE     
            XDATA   FF92H     0001H     ABSOLUTE     
            XDATA   FF93H     0001H     ABSOLUTE     
            XDATA   FF94H     0001H     ABSOLUTE     
                    FF95H     000BH                  *** GAP ***
            XDATA   FFA0H     0001H     ABSOLUTE     
            XDATA   FFA1H     0001H     ABSOLUTE     
            XDATA   FFA2H     0001H     ABSOLUTE     
            XDATA   FFA3H     0001H     ABSOLUTE     
                    FFA4H     000CH                  *** GAP ***
            XDATA   FFB0H     0001H     ABSOLUTE     
            XDATA   FFB1H     0001H     ABSOLUTE     
            XDATA   FFB2H     0001H     ABSOLUTE     
            XDATA   FFB3H     0001H     ABSOLUTE     
            XDATA   FFB4H     0001H     ABSOLUTE     
                    FFB5H     000BH                  *** GAP ***
            XDATA   FFC0H     0001H     ABSOLUTE     

            * * * * * * *   C O D E   M E M O R Y   * * * * * * *
            CODE    0000H     0003H     ABSOLUTE     
            CODE    0003H     0003H     ABSOLUTE     
            CODE    0006H     0005H     UNIT         ?PR?CMODENOSIGNALEVENT?MODE
            CODE    000BH     0003H     ABSOLUTE     
            CODE    000EH     0005H     UNIT         ?PR?CMODENOCABLEEVENT?MODE
            CODE    0013H     0003H     ABSOLUTE     
            CODE    0016H     000DH     UNIT         ?PR?INITBURNIN?GMIOSDFUNC
            CODE    0023H     0003H     ABSOLUTE     
            CODE    0026H     1201H     UNIT         ?CO?MAIN
            CODE    1227H     0915H     UNIT         ?C?LIB_CODE
            CODE    1B3CH     050CH     UNIT         ?CO?MODE
            CODE    2048H     040BH     UNIT         ?PR?_CADJUSTADCCLOCK?ADJUST
            CODE    2453H     0302H     UNIT         ?PR?_FMMAINMENU?LCD_OSDFAC
            CODE    2755H     02EBH     UNIT         ?PR?CAUTODOAUTOCLOCK?AUTO
            CODE    2A40H     02C8H     UNIT         ?PR?_FMCOLORADJLR?LCD_OSDFAC
            CODE    2D08H     0256H     UNIT         ?PR?_CMODESETSCALING?GMI_MODE
            CODE    2F5EH     0243H     UNIT         ?PR?CMODESEARCHACCEPTIVEMODEVGA?MODE
            CODE    31A1H     0230H     UNIT         ?PR?CAUTODOAUTOPHASE?AUTO
            CODE    33D1H     0223H     UNIT         ?PR?ENTERFACTORYMENU?LCD_OSDFAC
            CODE    35F4H     020EH     UNIT         ?PR?AUTO
BL51 BANKED LINKER/LOCATER V6.15                                                      04/05/2012  16:53:02  PAGE 15


            CODE    3802H     020DH     UNIT         ?PR?CMODEHANDLER?MODE
            CODE    3A0FH     0201H     UNIT         ?PR?OSDPUB007
            CODE    3C10H     01E9H     UNIT         ?C_INITSEG
            CODE    3DF9H     01C8H     UNIT         ?PR?CAUTOTUNEBALANCE?AUTO
            CODE    3FC1H     01B5H     UNIT         ?PR?_CFRAMESYNCLASTLINEFINETUNE?FRAMESYNC
            CODE    4176H     019FH     UNIT         ?PR?CMODERESETMODE?MODE
            CODE    4315H     019EH     UNIT         ?PR?_CADJUSTIVS2DVSDELAY?ADJUST
            CODE    44B3H     019AH     UNIT         ?PR?DORESET?GMIOSDFUNC
            CODE    464DH     018AH     UNIT         ?PR?CFRAMESYNCDO?FRAMESYNC
            CODE    47D7H     0183H     UNIT         ?PR?CTVAUTOSEARCH?TV
            CODE    495AH     0175H     UNIT         ?PR?_CADJUSTPHASE?ADJUST
            CODE    4ACFH     016BH     UNIT         ?PR?MODE
            CODE    4C3AH     0168H     UNIT         ?PR?_CADJUSTDPLL?ADJUST
            CODE    4DA2H     0166H     UNIT         ?PR?COSDPROC?OSDPUB007
            CODE    4F08H     015EH     UNIT         ?PR?ADJUST
            CODE    5066H     015EH     UNIT         ?PR?CAUTODOAUTOPOSITION?AUTO
            CODE    51C4H     0159H     UNIT         ?PR?_PROSSMCU2DVDKEYHANDLEIR?RS232
            CODE    531DH     0158H     UNIT         ?PR?_CADJUSTGAMMA?ADJUST
            CODE    5475H     0155H     UNIT         ?PR?FMOUTPUTALLDATA?LCD_OSDFAC
            CODE    55CAH     014FH     UNIT         ?PR?CSYNCGETSYNCTYPEAUTORUN?SYNC
            CODE    5719H     014DH     UNIT         ?PR?CSYNCGETSYNCTYPESTEPVGA?SYNC
            CODE    5866H     0143H     UNIT         ?PR?_CSCALERLOADFONT?SCALER
            CODE    59A9H     0142H     UNIT         ?PR?_FMCOLORLR?LCD_OSDFAC
            CODE    5AEBH     013BH     UNIT         ?PR?_MMAINITEMLR?OSDPUB007
            CODE    5C26H     013AH     UNIT         ?PR?EEPROM
            CODE    5D60H     0133H     UNIT         ?PR?CMODEDETECTCOMMON?MODE
            CODE    5E93H     0124H     UNIT         ?PR?_CAUTOPHASESEARCH?AUTO
            CODE    5FB7H     0123H     UNIT         ?PR?SINPUTCHNUMBER?OSDTV007
            CODE    60DAH     0122H     UNIT         ?PR?_CMODECOMPAREPRESETMODEVGA?MODE
            CODE    61FCH     011BH     UNIT         ?PR?_CSOURCESCANINPUTPORTVGA?SOURCE
            CODE    6317H     011BH     UNIT         ?PR?_OSDPOSITION?GMIOSDFUNC
            CODE    6432H     011AH     UNIT         ?PR?CSETTB1334VIDEOMODE?VIDEO
            CODE    654CH     0118H     UNIT         ?PR?_CAUTOMEASUREPOSITIONV?AUTO
            CODE    6664H     0117H     UNIT         ?PR?_COSDFXDRAWWINDOW?GMIOSDFUNC
            CODE    677BH     0112H     UNIT         ?PR?CFRAMESYNCFASTDO?FRAMESYNC
            CODE    688DH     0112H     UNIT         ?PR?CMODEMEASUREDATA?MODE
            CODE    699FH     010AH     UNIT         ?PR?CMANUALSEARCH?TV
            CODE    6AA9H     0108H     UNIT         ?PR?COSDEVENTMSGPROC?OSDPUB007
            CODE    6BB1H     0107H     UNIT         ?PR?_CACCADJUSTVIVIDCOLORFORVIDEO?ADJUST
            CODE    6CB8H     00FFH     UNIT         ?PR?_MCOLORSUBITEMLR?OSDPUB007
            CODE    6DB7H     00FAH     UNIT         ?PR?CMODEGETMODETABLEINFO?MODE
            CODE    6EB1H     00FAH     UNIT         ?PR?CMODESTARTUPVGA?GMI_MODE
            CODE    6FABH     00F4H     UNIT         ?PR?_COSDFXCODEWRITE?GMIOSDFUNC
            CODE    709FH     00EFH     UNIT         ?PR?_GMI_CSETMODE?WRITEVIDEOTABLE
            CODE    718EH     00EEH     UNIT         ?PR?_CEEPROMLOADDEFAULT?EEPROM
            CODE    727CH     00ECH     UNIT         ?PR?_CLOCKCHANNEL?TV
            CODE    7368H     00EAH     UNIT         ?PR?_PROSSMCU2DVDKEYHANDLETX?RS232
            CODE    7452H     00E9H     UNIT         ?PR?_CSETCHARACTERWIDTH?GMIOSDFUNC
            CODE    753BH     00E9H     UNIT         ?PR?DETECT_IR?IR
            CODE    7624H     00E6H     UNIT         ?PR?_CMODESETDISPLAY?MODE
            CODE    770AH     00E6H     UNIT         ?PR?CMODESETFREERUN?MODE
            CODE    77F0H     00E5H     UNIT         ?PR?_CWRITEALLREG?WRITEVIDEOTABLE
            CODE    78D5H     00E5H     UNIT         ?PR?_CTB1334VIDEOMODE?WRITEVIDEOTABLE
            CODE    79BAH     00E4H     UNIT         ?PR?_OSDSLIDER?OSDPUB007
            CODE    7A9EH     00DFH     UNIT         ?PR?COSDSYSTEMFLOWPROC?OSDPUB007
            CODE    7B7DH     00DDH     UNIT         ?PR?_CAUTOMEASUREPOSITIONH?AUTO
            CODE    7C5AH     00DAH     UNIT         ?PR?CMAINSYSTEMINITIAL?MAIN
BL51 BANKED LINKER/LOCATER V6.15                                                      04/05/2012  16:53:02  PAGE 16


            CODE    7D34H     00D9H     UNIT         ?PR?CDISPLAYCURRENTSOURCEMESSAGE?OSDPUB007
            CODE    7E0DH     00D8H     UNIT         ?PR?CKEYMESSAGEPROC?KEY
            CODE    7EE5H     00D4H     UNIT         ?PR?GMIOSDFUNC
            CODE    7FB9H     00D0H     UNIT         ?PR?COSDHANDLER?OSDPUB007
            CODE    8089H     00CFH     UNIT         ?PR?HINTDIALOG?OSDPUB007
            CODE    8158H     00CBH     UNIT         ?PR?CADJUSTUPDATECENTERDATA?ADJUST
            CODE    8223H     00CBH     UNIT         ?PR?CLOADTVNOSIGNALMODEDATA?VIDEO
            CODE    82EEH     00C8H     UNIT         ?CO?ADJUST
            CODE    83B6H     00C7H     UNIT         ?PR?INITOSDFRAME?OSDPUB007
            CODE    847DH     00C6H     UNIT         ?PR?MSWAPADJMENU?OSDTV007
            CODE    8543H     00C2H     UNIT         ?PR?_MAUTOPOWERDOWNADJLR?OSDPUB007
            CODE    8605H     00C1H     UNIT         ?PR?CSCALERRESET?SCALER
            CODE    86C6H     00BFH     UNIT         ?PR?CPOWERCONTROL?POWER
            CODE    8785H     00BDH     UNIT         ?PR?CMODESETUPMODEVGA?MODE
            CODE    8842H     00BCH     UNIT         ?PR?_CAUTOMEASURECOLOR?AUTO
            CODE    88FEH     00BCH     UNIT         ?PR?_CMODESETCAPTUREWINDOW?MODE
            CODE    89BAH     00B4H     UNIT         ?PR?FRAMESYNC
            CODE    8A6EH     00B4H     UNIT         ?PR?_CMODECHECKFIFOMODEVGA?MODE
            CODE    8B22H     00B3H     UNIT         ?PR?CGOTOADJSLEEP?OSDPUB007
            CODE    8BD5H     00B2H     UNIT         ?PR?CMODEGETSCALESETTING?MODE
            CODE    8C87H     00AFH     UNIT         ?PR?CDRAWTVFUNCTION?OSDTV007
            CODE    8D36H     00A9H     UNIT         ?PR?CMODEISCHANGE?MODE
            CODE    8DDFH     00A8H     UNIT         ?PR?CSCALERINITIALDISPLAYINTERFACE?SCALER
            CODE    8E87H     00A6H     UNIT         ?PR?CSCALERINITIALDISPLAYOUTPUT?SCALER
            CODE    8F2DH     00A6H     UNIT         ?PR?MTVFUNCSUBITEMMENU?OSDTV007
            CODE    8FD3H     00A4H     UNIT         ?PR?DOAUTO?OSDVGA007
            CODE    9077H     00A1H     UNIT         ?PR?GMI_MODE
            CODE    9118H     009CH     UNIT         ?PR?_GMI_CSETIFMODE?TB1334
            CODE    91B4H     0099H     UNIT         ?PR?_CUARTPUTTOSCR?UART
            CODE    924DH     0097H     UNIT         ?PR?_CAUTOTUNEADCOFFSET?AUTO
            CODE    92E4H     0097H     UNIT         ?PR?CDRAWPICTUREPAGE?OSDVGA007
            CODE    937BH     0096H     UNIT         ?PR?MTVNONEPROC?OSDTV007
            CODE    9411H     0095H     UNIT         ?PR?DDCCI_RXINT?DDCCI
            CODE    94A6H     0092H     UNIT         ?PR?CAUTODOAUTOCONFIG?AUTO
            CODE    9538H     0091H     UNIT         ?PR?_MOSDSIZEADJLR?OSDPUB007
            CODE    95C9H     0090H     UNIT         ?PR?GOTOADJUSTVOLUME?OSDPUB007
            CODE    9659H     008FH     UNIT         ?PR?CAUTOWAITFINISH?AUTO
            CODE    96E8H     008FH     UNIT         ?PR?CEEPROMSTARTUPCHECK?EEPROM
            CODE    9777H     008FH     UNIT         ?PR?CSETVOLUME?FUNC
            CODE    9806H     008FH     UNIT         ?PR?CINITINPUTSOURCE?FUNC
            CODE    9895H     008CH     UNIT         ?PR?OSDTV007
            CODE    9921H     008CH     UNIT         ?C_C51STARTUP
            CODE    99ADH     008BH     UNIT         ?PR?CMODESETDISPLAYREADY?MODE
            CODE    9A38H     008BH     UNIT         ?PR?CDRAWCOLORPAGE?OSDPUB007
            CODE    9AC3H     008AH     UNIT         ?PR?_CMODECOMPAREFIFOMODEVGA?MODE
            CODE    9B4DH     0089H     UNIT         ?PR?UARTRXDATA?INT
            CODE    9BD6H     0088H     UNIT         ?PR?STVINPUTCHENTER?OSDTV007
            CODE    9C5EH     0087H     UNIT         ?PR?CSCALERGETVLD?SCALER
            CODE    9CE5H     0087H     UNIT         ?PR?CHANGESOURCE?FUNC
            CODE    9D6CH     0086H     UNIT         ?PR?CMAINUSERINITIAL?MAIN
            CODE    9DF2H     0086H     UNIT         ?PR?MOTHERSUBITEMMENU?OSDPUB007
            CODE    9E78H     0085H     UNIT         ?PR?CADJUSTVPOSITION?ADJUST
            CODE    9EFDH     0085H     UNIT         ?PR?_CSCALERCODEW?SCALER
            CODE    9F82H     0085H     UNIT         ?PR?CCHANGECHANNEL?TV
            CODE    A007H     0082H     UNIT         ?PR?_CDRAWCOLORMODESTATE?OSDPUB007
            CODE    A089H     0082H     UNIT         ?PR?SHOWNOTE?OSDPUB007
            CODE    A10BH     0080H     UNIT         ?PR?_CADJUSTCHECKADCCLOCKRANGE?ADJUST
BL51 BANKED LINKER/LOCATER V6.15                                                      04/05/2012  16:53:02  PAGE 17


            CODE    A18BH     0080H     UNIT         ?PR?MPICTURESUBITEMMENU?OSDVGA007
            CODE    A20BH     007FH     UNIT         ?PR?CSETOSDTRANSANDSIZE?OSDPUB007
            CODE    A28AH     007FH     UNIT         ?PR?_CSHOWTVNUMBER?OSDTV007
            CODE    A309H     007EH     UNIT         ?PR?_CI2CWRITE?I2C
            CODE    A387H     007EH     UNIT         ?PR?_MVPOSADJLR?OSDVGA007
            CODE    A405H     007DH     UNIT         ?PR?_TRS2DVDIRSEND?KEY
            CODE    A482H     007AH     UNIT         ?PR?_GMI_CSELECTINPUTCHANNEL?TB1334
            CODE    A4FCH     0078H     UNIT         ?PR?CTUNINGCURRENTCHANNEL?TV
            CODE    A574H     0078H     UNIT         ?PR?GMI_CVIDEOISEXIST?AV_TV
            CODE    A5ECH     0076H     UNIT         ?PR?_MHPOSADJLR?OSDVGA007
            CODE    A662H     0076H     UNIT         ?PR?LCD_OSDFAC
            CODE    A6D8H     0075H     UNIT         ?PR?INTPROCTIMER0?INT
            CODE    A74DH     0075H     UNIT         ?PR?UARTCMDRS232CONTROL?UART
            CODE    A7C2H     0074H     UNIT         ?PR?CMODEDETECT?MODE
            CODE    A836H     0074H     UNIT         ?PR?COTHTERKEYACTION?OSDPUB007
            CODE    A8AAH     0074H     UNIT         ?PR?_CSHOWFREQ?OSDTV007
            CODE    A91EH     0073H     UNIT         ?PR?_SETOSDRAMADDRESS?GMI_SETOSDRAMADDRESS
            CODE    A991H     0072H     UNIT         ?PR?CSHOWTIMER?OSDPUB007
            CODE    AA03H     0070H     UNIT         ?PR?CSHOW4BITICON?OSDPUB007
            CODE    AA73H     0070H     UNIT         ?PR?_MCHANNELADJLR?OSDTV007
            CODE    AAE3H     006FH     UNIT         ?PR?CLOADVIDEOMODEDATA?VIDEO
            CODE    AB52H     006FH     UNIT         ?PR?_MDISPMODEADJLR?OSDPUB007
            CODE    ABC1H     006FH     UNIT         ?PR?GMI_CVIDEOCURRENTCOLOR?TB1334
            CODE    AC30H     006EH     UNIT         ?PR?CEEPROMINITIALCENTERMODEDATA?EEPROM
            CODE    AC9EH     006EH     UNIT         ?PR?CDRAWOSDFUNCPAGE?OSDPUB007
            CODE    AD0CH     006EH     UNIT         ?PR?_CSHOWCURRENTSOURCETITLE?OSDPUB007
            CODE    AD7AH     006DH     UNIT         ?PR?_CTIMERACTIVETIMEREVENT?TIMER
            CODE    ADE7H     006DH     UNIT         ?PR?_PROSSMCUIRHANDLE?RS232
            CODE    AE54H     006CH     UNIT         ?PR?CSYNCMEASURESYNCTYPE?SYNC
            CODE    AEC0H     006BH     UNIT         ?PR?CMODESEARCHMODEVGA?MODE
            CODE    AF2BH     006BH     UNIT         ?PR?DRAWMUTESTATE?OSDPUB007
            CODE    AF96H     006AH     UNIT         ?PR?_COSDFXGETADCCLOCKRANGE?GMIOSDFUNC
            CODE    B000H     0068H     UNIT         ?PR?_DEBUGPRINTF?UART
            CODE    B068H     0068H     UNIT         ?PR?COSDFACHANDLER?LCD_OSDFAC
            CODE    B0D0H     0067H     UNIT         ?PR?_CSHOWNUMBER?GMI_CSHOWNUMBER
            CODE    B137H     0066H     UNIT         ?PR?_CAUTOTUNEADCGAIN?AUTO
            CODE    B19DH     0066H     UNIT         ?PR?TV
            CODE    B203H     0065H     UNIT         ?PR?CEEPROMLOADADCDATADEFAULT?EEPROM
            CODE    B268H     0064H     UNIT         ?PR?MCOLORSUBITEMMENU?OSDPUB007
            CODE    B2CCH     0063H     UNIT         ?PR?CADJUSTCONTRAST?ADJUST
            CODE    B32FH     0063H     UNIT         ?CO?EEPROM
            CODE    B392H     0063H     UNIT         ?PR?CMCUINITIAL?MCU
            CODE    B3F5H     0062H     UNIT         ?PR?CEEPROMINITIALMODEDATA?EEPROM
            CODE    B457H     0061H     UNIT         ?PR?CVIDEOFRAMESYNCDETECT?VIDEO
            CODE    B4B8H     0061H     UNIT         ?PR?_GETPREVLANGUAGE?LANGAGE
            CODE    B519H     0061H     UNIT         ?PR?FMOUTPUTBURNINSTATE?LCD_OSDFAC
            CODE    B57AH     0061H     UNIT         ?PR?GMI_CVIDEOMODECHANGE?AV_TV
            CODE    B5DBH     0060H     UNIT         ?PR?CADJUSTBRIGHTNESS?ADJUST
            CODE    B63BH     0060H     UNIT         ?PR?_CFRAMESYNCSPREADSPECTRUMFINETUNE?FRAMESYNC
            CODE    B69BH     0060H     UNIT         ?PR?_CTIMERREACTIVETIMEREVENT?TIMER
            CODE    B6FBH     0060H     UNIT         ?PR?SHOWMODE?OSDPUB007
            CODE    B75BH     0060H     UNIT         ?PR?CGOTOADJIMAGE?OSDPUB007
            CODE    B7BBH     0060H     UNIT         ?PR?RECEIVEEDIDINT1?DDCCI
            CODE    B81BH     005FH     UNIT         ?PR?_CADJUSTPEAKINGFILTERFORVIDEO?ADJUST
            CODE    B87AH     005EH     UNIT         ?PR?MPUBNONEPROC?OSDPUB007
            CODE    B8D8H     005CH     UNIT         ?PR?_FMAINSTATE?LCD_OSDFAC
            CODE    B934H     005CH     UNIT         ?PR?_FMAINSTATEOUT?LCD_OSDFAC
BL51 BANKED LINKER/LOCATER V6.15                                                      04/05/2012  16:53:02  PAGE 18


            CODE    B990H     005CH     UNIT         ?PR?_DIRECTWOSDRAM?GMI_DIRECTWOSDRAM
            CODE    B9ECH     005BH     UNIT         ?PR?BURNINRUN?GMIOSDFUNC
            CODE    BA47H     0059H     UNIT         ?PR?_SSHOWCURRENTINPUTSTATE?OSDTV007
            CODE    BAA0H     0058H     UNIT         ?PR?CKEYSCAN?KEY
            CODE    BAF8H     0057H     UNIT         ?PR?_MSOUNDSUBITEMLR?OSDPUB007
            CODE    BB4FH     0056H     UNIT         ?PR?CSYNCHANDLER?SYNC
            CODE    BBA5H     0056H     UNIT         ?PR?CSETVIDEOCOLOR?VIDEO
            CODE    BBFBH     0055H     UNIT         ?PR?VPOSGUAGE?GMIOSDFUNC
            CODE    BC50H     0055H     UNIT         ?PR?CKEYSTOPAUTOSEARCH?OSDTV007
            CODE    BCA5H     0055H     UNIT         ?PR?CMODERESETTVNTSCTOPAL?TV
            CODE    BCFAH     0055H     UNIT         ?PR?_CSETSCALINGFACTOR?WRITEVIDEOTABLE
            CODE    BD4FH     0055H     UNIT         ?PR?_CSETSFACCESSPORT?WRITEVIDEOTABLE
            CODE    BDA4H     0054H     UNIT         ?PR?DDCCI_DEBUG?DDCCIDBG
            CODE    BDF8H     0053H     UNIT         ?PR?_MBLUEADJLR?OSDPUB007
            CODE    BE4BH     0052H     UNIT         ?PR?_CSETVDCSATURATION?VIDEO
            CODE    BE9DH     0052H     UNIT         ?PR?MMAINITEMMENU?OSDPUB007
            CODE    BEEFH     0051H     UNIT         ?PR?HPOSGUAGE?GMIOSDFUNC
            CODE    BF40H     0051H     UNIT         ?PR?CDRAWOTHERFUNCPAGE?OSDPUB007
            CODE    BF91H     0051H     UNIT         ?PR?_CSETPIFFREQ?TB1334
            CODE    BFE2H     0050H     UNIT         ?PR?_CEEPROMLOADMODEDATA?EEPROM
            CODE    C032H     0050H     UNIT         ?PR?_MOSDSUBITEMLR?OSDPUB007
            CODE    C082H     0050H     UNIT         ?PR?_MOTHERSUBITEMLR?OSDPUB007
            CODE    C0D2H     004FH     UNIT         ?PR?SCALER
            CODE    C121H     004FH     UNIT         ?PR?LOADLANGUAGEFONT?OSDPUB007
            CODE    C170H     004FH     UNIT         ?PR?MNONEPROC?OSDVGA007
            CODE    C1BFH     004FH     UNIT         ?PR?MAVNONEPROC?OSDAV007
            CODE    C20EH     004FH     UNIT         ?PR?_CLOADCHANNELFREQ?TV
            CODE    C25DH     004FH     UNIT         ?PR?_CSETDISPLAYFORMAT?WRITEVIDEOTABLE
            CODE    C2ACH     004FH     UNIT         ?PR?_CSETFIFOWINDOW?WRITEVIDEOTABLE
            CODE    C2FBH     004DH     UNIT         ?PR?_CI2CREAD?I2C
            CODE    C348H     004DH     UNIT         ?PR?_MCLOCKADJLR?OSDVGA007
            CODE    C395H     004DH     UNIT         ?PR?_MTVSYSTEMADJLR?OSDTV007
            CODE    C3E2H     004CH     UNIT         ?PR?CSCALERGETBYTE1?SCALER
            CODE    C42EH     004CH     UNIT         ?PR?CSCALERGETBYTE2?SCALER
            CODE    C47AH     004BH     UNIT         ?PR?_CADJUSTDIGITALFILTER?ADJUST
            CODE    C4C5H     004BH     UNIT         ?PR?CSTARTSEARCH?TV
            CODE    C510H     004BH     UNIT         ?PR?_GMI_CSETTUNER?TV
            CODE    C55BH     004BH     UNIT         ?PR?_CSETRTDVSCALINGDOWN?WRITEVIDEOTABLE
            CODE    C5A6H     004AH     UNIT         ?PR?_CAUTOWAITFORIVS?AUTO
            CODE    C5F0H     004AH     UNIT         ?PR?MVOLUMEADJPROC?OSDPUB007
            CODE    C63AH     0049H     UNIT         ?PR?_CSHOWSUBITEMWINDOW?OSDPUB007
            CODE    C683H     0049H     UNIT         ?PR?MOSDSUBITEMMENU?OSDPUB007
            CODE    C6CCH     0049H     UNIT         ?PR?MSOUNDSUBITEMMENU?OSDPUB007
            CODE    C715H     0049H     UNIT         ?PR?_CSETCOLORMODE?OSDPUB007
            CODE    C75EH     0048H     UNIT         ?PR?_CEEPROMLOADCENTERMODEDATA?EEPROM
            CODE    C7A6H     0048H     UNIT         ?PR?_SINCEPTNUMBER?OSDTV007
            CODE    C7EEH     0047H     UNIT         ?PR?COSDDISPFIRSTTIMELOADFONT?OSDPUB007
            CODE    C835H     0047H     UNIT         ?PR?_GOTOXY?GMI_GOTOXY
            CODE    C87CH     0046H     UNIT         ?PR?_CSOURCESCANINPUTPORT?SOURCE
            CODE    C8C2H     0046H     UNIT         ?PR?DDCCIDBG
            CODE    C908H     0046H     UNIT         ?PR?TB1334
            CODE    C94EH     0045H     UNIT         ?PR?CEEPROMLOADBRICONDATA?EEPROM
            CODE    C993H     0045H     UNIT         ?CO?UART
            CODE    C9D8H     0045H     UNIT         ?PR?TXCOMMANDREADY?DDCCI
            CODE    CA1DH     0045H     UNIT         ?PR?_CSETPWM?GMI_PWM
            CODE    CA62H     0044H     UNIT         ?PR?_CSCALERSETDATAPORTBIT2?SCALER
            CODE    CAA6H     0044H     UNIT         ?PR?OSDVGA007
BL51 BANKED LINKER/LOCATER V6.15                                                      04/05/2012  16:53:02  PAGE 19


            CODE    CAEAH     0044H     UNIT         ?PR?CINITSOUNDCHANNEL?FUNC
            CODE    CB2EH     0044H     UNIT         ?C?LDIV
            CODE    CB72H     0043H     UNIT         ?PR?_CFRAMESYNCTESTSYNC?FRAMESYNC
            CODE    CBB5H     0043H     UNIT         ?PR?CNOTUSEFUNC?TB1334
            CODE    CBF8H     0042H     UNIT         ?PR?_MSWAPADJLR?OSDTV007
            CODE    CC3AH     0041H     UNIT         ?PR?_CADJUSTDITHER?ADJUST
            CODE    CC7BH     0041H     UNIT         ?PR?_CCALCPANELDHEND?MODE
            CODE    CCBCH     0041H     UNIT         ?PR?CTVCHECKCHANGECHANNEL?VIDEO
            CODE    CCFDH     0041H     UNIT         ?PR?INT0_IR_PROC?IR
            CODE    CD3EH     0041H     UNIT         ?PR?_GETNEXTLANGUAGE?LANGAGE
            CODE    CD7FH     0041H     UNIT         ?PR?_CMODESETUPETCS?GMI_MODE
            CODE    CDC0H     0040H     UNIT         ?PR?CEEPROMSAVEADCDATA?EEPROM
            CODE    CE00H     0040H     UNIT         ?PR?CEEPROMLOADADCDATA?EEPROM
            CODE    CE40H     0040H     UNIT         ?PR?MCOLORSUBITEMPROC?OSDPUB007
            CODE    CE80H     0040H     UNIT         ?PR?MOSDSUBITEMPROC?OSDPUB007
            CODE    CEC0H     0040H     UNIT         ?PR?MSOUNDSUBITEMPROC?OSDPUB007
            CODE    CF00H     0040H     UNIT         ?PR?MOTHERSUBITEMPROC?OSDPUB007
            CODE    CF40H     0040H     UNIT         ?PR?MPICTURESUBITEMPROC?OSDVGA007
            CODE    CF80H     0040H     UNIT         ?PR?MTVFUNCSUBITEMPROC?OSDTV007
            CODE    CFC0H     0040H     UNIT         ?PR?_FMCOLORSTATE?LCD_OSDFAC
            CODE    D000H     003FH     UNIT         ?PR?_CSCALERSETDATAPORTBIT?SCALER
            CODE    D03FH     003FH     UNIT         ?PR?_CTIMERWAITFOREVENT?TIMER
            CODE    D07EH     003FH     UNIT         ?PR?GMI_CVIDEOSYNCHANDLER?AV_TV
            CODE    D0BDH     003FH     UNIT         ?PR?_VALUEINRANGECHANGE?GMI_VALUEINRANGECHANGE
            CODE    D0FCH     003FH     UNIT         ?PR?GMI_CHANGEINPUTTOVGA?TB1334
            CODE    D13BH     003EH     UNIT         ?PR?CEEPROMSAVEBRICONDATA?EEPROM
            CODE    D179H     003EH     UNIT         ?PR?MMAINITEMPROC?OSDPUB007
            CODE    D1B7H     003EH     UNIT         ?PR?_DISPICON?OSDPUB007
            CODE    D1F5H     003EH     UNIT         ?PR?MOSDSIZEADJPROC?OSDPUB007
            CODE    D233H     003EH     UNIT         ?PR?MBRIGHTADJPROC?OSDPUB007
            CODE    D271H     003EH     UNIT         ?PR?MCONTRASTADJPROC?OSDPUB007
            CODE    D2AFH     003EH     UNIT         ?PR?MLANGUAGEADJPROC?OSDPUB007
            CODE    D2EDH     003EH     UNIT         ?PR?MMUTEADJPROC?OSDPUB007
            CODE    D32BH     003EH     UNIT         ?PR?MAUTOPOWERDOWNADJPROC?OSDPUB007
            CODE    D369H     003EH     UNIT         ?PR?MBLUEADJPROC?OSDPUB007
            CODE    D3A7H     003EH     UNIT         ?PR?MPHASEADJPROC?OSDVGA007
            CODE    D3E5H     003EH     UNIT         ?PR?MCLOCKADJPROC?OSDVGA007
            CODE    D423H     003EH     UNIT         ?PR?MHPOSADJPROC?OSDVGA007
            CODE    D461H     003EH     UNIT         ?PR?MVPOSADJPROC?OSDVGA007
            CODE    D49FH     003EH     UNIT         ?PR?MAVHUEADJPROC?OSDAV007
            CODE    D4DDH     003EH     UNIT         ?PR?MAVSATURATIONADJPROC?OSDAV007
            CODE    D51BH     003EH     UNIT         ?PR?MTVSYSTEMADJPROC?OSDTV007
            CODE    D559H     003EH     UNIT         ?PR?MAUTOSEARCHADJPROC?OSDTV007
            CODE    D597H     003EH     UNIT         ?PR?MMANUALSEARCHADJPROC?OSDTV007
            CODE    D5D5H     003EH     UNIT         ?PR?MTUNINGADJPROC?OSDTV007
            CODE    D613H     003EH     UNIT         ?PR?MCHANNELADJPROC?OSDTV007
            CODE    D651H     003EH     UNIT         ?PR?MSWAPADJPROC?OSDTV007
            CODE    D68FH     003EH     UNIT         ?PR?MSKIPADJPROC?OSDTV007
            CODE    D6CDH     003EH     UNIT         ?PR?GMI_CINITIALVDC?TB1334
            CODE    D70BH     003DH     UNIT         ?PR?_MVOLUMEADJLR?OSDPUB007
            CODE    D748H     003DH     UNIT         ?PR?DDCCI_DBG_READ_IIC?DDCCIDBG
            CODE    D785H     003CH     UNIT         ?PR?_FMMAINLR?LCD_OSDFAC
            CODE    D7C1H     003CH     UNIT         ?PR?CBLUEBACKGROUNDHANDLER?AV_TV
            CODE    D7FDH     003CH     UNIT         ?PR?DDCCI_TXINT?DDCCI
            CODE    D839H     003CH     UNIT         ?PR?_GMI_CI2CSENDBYTE?GMI_TUNERFUNC
            CODE    D875H     003CH     UNIT         ?PR?_GMI_CI2CWRITETUNER?GMI_TUNERFUNC
            CODE    D8B1H     003BH     UNIT         ?PR?_CADJUSTSPREADSPECTRUMRANGE?ADJUST
BL51 BANKED LINKER/LOCATER V6.15                                                      04/05/2012  16:53:02  PAGE 20


            CODE    D8ECH     003BH     UNIT         ?PR?_CTIMERCANCELTIMEREVENT?TIMER
            CODE    D927H     003BH     UNIT         ?PR?CCHANGESOURCEHANDLER?OSDPUB007
            CODE    D962H     003BH     UNIT         ?PR?MCOLORMODEADJPROC?OSDPUB007
            CODE    D99DH     003BH     UNIT         ?PR?MDISPMODEADJPROC?OSDPUB007
            CODE    D9D8H     003BH     UNIT         ?PR?DDCCI_DBG_READ_RTD?DDCCIDBG
            CODE    DA13H     003BH     UNIT         ?PR?CSELECTPALORSECAML?TB1334
            CODE    DA4EH     003AH     UNIT         ?PR?CEEPROMSAVEUSERFIFOMODEDATA?EEPROM
            CODE    DA88H     003AH     UNIT         ?PR?CCALCPANELWDITH?MODE
            CODE    DAC2H     003AH     UNIT         ?PR?CTIMERDECREASETIMERCNT?TIMER
            CODE    DAFCH     003AH     UNIT         ?PR?_CENTERTEXTOUT?GMIOSDFUNC
            CODE    DB36H     0039H     UNIT         ?PR?_CADJUSTSETSHARPNESSTABLE?ADJUST
            CODE    DB6FH     0039H     UNIT         ?PR?UARTCMDSCALERREAD?UART
            CODE    DBA8H     0039H     UNIT         ?PR?_CCLEARMSG?OSDPUB007
            CODE    DBE1H     0039H     UNIT         ?PR?_MCOLORMODEADJLR?OSDPUB007
            CODE    DC1AH     0038H     UNIT         ?PR?SYNC
            CODE    DC52H     0038H     UNIT         ?PR?CUARTHANDLER?UART
            CODE    DC8AH     0038H     UNIT         ?PR?CLOADMAXCHANNELNUMBER?TV
            CODE    DCC2H     0038H     UNIT         ?PR?_SETROWCMDS?GMI_SETROWCMDS
            CODE    DCFAH     0037H     UNIT         ?PR?CPOWERPANELON?POWER
            CODE    DD31H     0036H     UNIT         ?PR?_CADJUSTBACKGROUNDCOLOR?ADJUST
            CODE    DD67H     0036H     UNIT         ?PR?CDRAWSOUNDPAGE?OSDPUB007
            CODE    DD9DH     0035H     UNIT         ?PR?_CAUTOCHANGEADCGAIN?AUTO
            CODE    DDD2H     0035H     UNIT         ?PR?_CAUTOCHANGEADCOFFSET?AUTO
            CODE    DE07H     0035H     UNIT         ?PR?CSETVIDEOREADY?VIDEO
            CODE    DE3CH     0034H     UNIT         ?PR?_CSCALERREAD?SCALER
            CODE    DE70H     0034H     UNIT         ?PR?UART
            CODE    DEA4H     0034H     UNIT         ?PR?_BOSDITEMSUPPORT?OSDPUB007
            CODE    DED8H     0034H     UNIT         ?PR?_PROSSMCUTXHANDLE?RS232
            CODE    DF0CH     0033H     UNIT         ?PR?CRECALLTVDATA?EEPROM
            CODE    DF3FH     0033H     UNIT         ?PR?_SENDBYTEDATA?KEY
            CODE    DF72H     0033H     UNIT         ?PR?CTIMERHANDLER?TIMER
            CODE    DFA5H     0033H     UNIT         ?PR?_I2CWRITE?DDCCIDBG
            CODE    DFD8H     0032H     UNIT         ?PR?CDISABLEVIDEOSETTING?SYNC
            CODE    E00AH     0031H     UNIT         ?PR?_CSCALERSENDBYTE?SCALER
            CODE    E03BH     0031H     UNIT         ?PR?_CSCALERWRITE?SCALER
            CODE    E06CH     0031H     UNIT         ?PR?_CCLEARWINDOW?OSDPUB007
            CODE    E09DH     0031H     UNIT         ?PR?_MLANGUAGEADJLR?OSDPUB007
            CODE    E0CEH     0031H     UNIT         ?PR?_MPHASEADJLR?OSDVGA007
            CODE    E0FFH     0030H     UNIT         ?PR?CADJUSTADCOFFSET?ADJUST
            CODE    E12FH     0030H     UNIT         ?PR?_OSDLINE?GMIOSDFUNC
            CODE    E15FH     002FH     UNIT         ?PR?_CEEPROMWRITE?EEPROM
            CODE    E18EH     002FH     UNIT         ?PR?_CEEPROMREAD?EEPROM
            CODE    E1BDH     002FH     UNIT         ?PR?INTPROCUART?INT
            CODE    E1ECH     002FH     UNIT         ?PR?_CKEYMESSAGECONVERT?KEY
            CODE    E21BH     002FH     UNIT         ?PR?CKEYPOWERKEYPROC?KEY
            CODE    E24AH     002FH     UNIT         ?PR?COSDFXDISABLEOSD?GMIOSDFUNC
            CODE    E279H     002FH     UNIT         ?PR?_CSAVECHANNELDATA?TV
            CODE    E2A8H     002EH     UNIT         ?PR?CSOURCECHANGE?OSDPUB007
            CODE    E2D6H     002EH     UNIT         ?PR?FMLOADCOLORTMP?LCD_OSDFAC
            CODE    E304H     002EH     UNIT         ?PR?_GMI_CI2CREADVDCBYTE?TB1334
            CODE    E332H     002DH     UNIT         ?PR?CADJUSTADCGAIN?ADJUST
            CODE    E35FH     002DH     UNIT         ?PR?CSYNCSEARCHSYNCTYPEVGA?SYNC
            CODE    E38CH     002DH     UNIT         ?PR?CVIDEOMODEHANDLER?VIDEO
            CODE    E3B9H     002DH     UNIT         ?PR?CSWITCHTOUART?UART
            CODE    E3E6H     002DH     UNIT         ?PR?CSWITCHTOI2C?UART
            CODE    E413H     002DH     UNIT         ?PR?_CSHOWSELECTMAINITEMWINDOW?OSDPUB007
            CODE    E440H     002DH     UNIT         ?PR?_MSKIPADJLR?OSDTV007
BL51 BANKED LINKER/LOCATER V6.15                                                      04/05/2012  16:53:02  PAGE 21


            CODE    E46DH     002DH     UNIT         ?PR?FUNC
            CODE    E49AH     002CH     UNIT         ?PR?_CTIMERCOUNTDOWNEVENTPROC?TIMER
            CODE    E4C6H     002CH     UNIT         ?PR?_MBRIGHTADJLR?OSDPUB007
            CODE    E4F2H     002CH     UNIT         ?PR?_MMUTEADJLR?OSDPUB007
            CODE    E51EH     002BH     UNIT         ?PR?_CAUTOREADPHASEINFO?AUTO
            CODE    E549H     002BH     UNIT         ?PR?_CEEPROMSAVEMODEDATA?EEPROM
            CODE    E574H     002BH     UNIT         ?PR?_CI2CSENDBYTE?I2C
            CODE    E59FH     002BH     UNIT         ?PR?CKEYSCANREADY?KEY
            CODE    E5CAH     002BH     UNIT         ?PR?CMODESETUPCOLORPROCESS?MODE
            CODE    E5F5H     002BH     UNIT         ?PR?_CSCALERSETDATAPORTBYTE?SCALER
            CODE    E620H     002BH     UNIT         ?PR?VIDEO
            CODE    E64BH     002AH     UNIT         ?PR?CFRAMESYNCDETECT?FRAMESYNC
            CODE    E675H     002AH     UNIT         ?PR?MAIN?MAIN
            CODE    E69FH     002AH     UNIT         ?PR?TIMER
            CODE    E6C9H     002AH     UNIT         ?PR?STVRETURNCH?OSDTV007
            CODE    E6F3H     002AH     UNIT         ?PR?MTUNINGADJMENU?OSDTV007
            CODE    E71DH     002AH     UNIT         ?PR?OUTPUT_EMC?LCD_OSDFAC
            CODE    E747H     002AH     UNIT         ?PR?DDCCI
            CODE    E771H     0029H     UNIT         ?PR?_CSCALERSETBIT?SCALER
            CODE    E79AH     0029H     UNIT         ?PR?OUTPUTDISPLAYSIZE?GMIOSDFUNC
            CODE    E7C3H     0029H     UNIT         ?PR?CLOCKGUAGE?GMIOSDFUNC
            CODE    E7ECH     0029H     UNIT         ?PR?CINITOSDMAINFRAME?OSDPUB007
            CODE    E815H     0029H     UNIT         ?CO?TB1334
            CODE    E83EH     0028H     UNIT         ?PR?CMODECONNECTISCHANGE?MODE
            CODE    E866H     0028H     UNIT         ?PR?_PROSSMCUTXHANDLEPOWER?RS232
            CODE    E88EH     0027H     UNIT         ?PR?_MAVHUELR?OSDAV007
            CODE    E8B5H     0027H     UNIT         ?PR?_MAVSATURATIONLR?OSDAV007
            CODE    E8DCH     0027H     UNIT         ?PR?GMI_DELAY_65US1?IR
            CODE    E903H     0027H     UNIT         ?PR?GMI_DELAY_65US?GMI_IRFUNC
            CODE    E92AH     0027H     UNIT         ?PR?GMI_IR_DELAY?GMI_IRFUNC
            CODE    E951H     0027H     UNIT         ?PR?GMI_CDELAY80US?TB1334
            CODE    E978H     0026H     UNIT         ?PR?CADJUSTHDCP?ADJUST
            CODE    E99EH     0026H     UNIT         ?PR?CMODEPOWERSAVINGEVENT?MODE
            CODE    E9C4H     0026H     UNIT         ?PR?CPOWERRSDSON?POWER
            CODE    E9EAH     0026H     UNIT         ?PR?CSCALERENABLEDISPLAYOUTPUT?SCALER
            CODE    EA10H     0026H     UNIT         ?PR?_CSCALERWRITEAMOUNT?SCALER
            CODE    EA36H     0026H     UNIT         ?CO?VIDEO
            CODE    EA5CH     0026H     UNIT         ?PR?_CSAVECHANNELFREQ?TV
            CODE    EA82H     0025H     UNIT         ?PR?_CADJUSTCOLORPALETTE?ADJUST
            CODE    EAA7H     0025H     UNIT         ?PR?CMODEMEASUREREADY?MODE
            CODE    EACCH     0025H     UNIT         ?PR?CMODESYNCTIMEOUTCOUNTDOWNEVENT?MODE
            CODE    EAF1H     0025H     UNIT         ?PR?FMMAINPROC?LCD_OSDFAC
            CODE    EB16H     0025H     UNIT         ?PR?_GMI_CADJUSTVDCHUE?TB1334
            CODE    EB3BH     0024H     UNIT         ?PR?_CI2CWRITESTART?I2C
            CODE    EB5FH     0024H     UNIT         ?PR?CPOWERPANELOFF?POWER
            CODE    EB83H     0024H     UNIT         ?PR?CSCALERENABLEDISPLAYTIMING?SCALER
            CODE    EBA7H     0024H     UNIT         ?PR?CSYNCMODIFYPOLARITYVGA?SYNC
            CODE    EBCBH     0024H     UNIT         ?PR?_TEXTOUT?GMIOSDFUNC
            CODE    EBEFH     0024H     UNIT         ?PR?CAUDIOCTRL?OSDPUB007
            CODE    EC13H     0024H     UNIT         ?PR?_MTUNINGADJLR?OSDTV007
            CODE    EC37H     0024H     UNIT         ?PR?CHECKLANGUAGE?LANGAGE
            CODE    EC5BH     0024H     UNIT         ?PR?FMCOLORPROC?LCD_OSDFAC
            CODE    EC7FH     0023H     UNIT         ?PR?_CEEPROMSAVECENTERMODEDATA?EEPROM
            CODE    ECA2H     0023H     UNIT         ?PR?_CLEFTALIGNTEXTOUT?GMIOSDFUNC
            CODE    ECC5H     0023H     UNIT         ?PR?DDCCI_DBG_WRITE_IIC?DDCCIDBG
            CODE    ECE8H     0022H     UNIT         ?PR?_CADJUSTENABLEWATCHDOG?ADJUST
            CODE    ED0AH     0022H     UNIT         ?PR?_MPICTURESUBITEMLR?OSDVGA007
BL51 BANKED LINKER/LOCATER V6.15                                                      04/05/2012  16:53:02  PAGE 22


            CODE    ED2CH     0022H     UNIT         ?PR?OSDAV007
            CODE    ED4EH     0022H     UNIT         ?PR?_MTVFUNCSUBITEMLR?OSDTV007
            CODE    ED70H     0022H     UNIT         ?PR?NOP?TB1334
            CODE    ED92H     0021H     UNIT         ?PR?CKEYHANDLER?KEY
            CODE    EDB3H     0021H     UNIT         ?PR?CCHECKINPUTSOURCE?MAIN
            CODE    EDD4H     0021H     UNIT         ?PR?CMISCAPPLYDOUBLEBUFFER?MISC
            CODE    EDF5H     0021H     UNIT         ?PR?CUARTINIT?UART
            CODE    EE16H     0021H     UNIT         ?PR?_FMITEMSTATE?LCD_OSDFAC
            CODE    EE37H     0021H     UNIT         ?PR?CSETBLUEBACKGROUND?AV_TV
            CODE    EE58H     0020H     UNIT         ?PR?_CADJUSTIVSDELAY?ADJUST
            CODE    EE78H     0020H     UNIT         ?PR?_CADJUSTDCLKOFFSET?ADJUST
            CODE    EE98H     0020H     UNIT         ?PR?CSCALERDISABLEDISPLAYOUTPUT?SCALER
            CODE    EEB8H     0020H     UNIT         ?PR?_CLOADCHANNELCOLORTYPE?TV
            CODE    EED8H     001FH     UNIT         ?PR?CCALCPANELDHTOTA?MODE
            CODE    EEF7H     001FH     UNIT         ?PR?_OSDCLEAR?GMIOSDFUNC
            CODE    EF16H     001FH     UNIT         ?PR?_MCONTRASTADJLR?OSDPUB007
            CODE    EF35H     001FH     UNIT         ?PR?WRITEVIDEOTABLE
            CODE    EF54H     001EH     UNIT         ?PR?CPOWERADCAPLLON?POWER
            CODE    EF72H     001EH     UNIT         ?PR?CPOWERADCAPLLOFF?POWER
            CODE    EF90H     001EH     UNIT         ?PR?CSCALERGETBITVLD?SCALER
            CODE    EFAEH     001EH     UNIT         ?PR?_CTIMERPOLLINGEVENTPROC?TIMER
            CODE    EFCCH     001EH     UNIT         ?PR?OUTPUTREFRUSHRATE?GMIOSDFUNC
            CODE    EFEAH     001EH     UNIT         ?PR?NOTUSEFUNC?OSDPUB007
            CODE    F008H     001EH     UNIT         ?PR?MVOLUMEADJMENU?OSDPUB007
            CODE    F026H     001EH     UNIT         ?PR?SSETMUTESTATE?OSDPUB007
            CODE    F044H     001EH     UNIT         ?PR?CSAVECHANNELSKIP?TV
            CODE    F062H     001EH     UNIT         ?PR?CINITTV?TV
            CODE    F080H     001EH     UNIT         ?PR?_COSDFXCLOSEWINDOW?GMI_COSDFXCLOSEWINDOW
            CODE    F09EH     001DH     UNIT         ?PR?DELAY6US?I2C
[...]
  +--> ?PR?_CTIMERDELAYXMS?TIMER

?PR?CMANUALSEARCH?TV                             0020H.4  0000H.1    002CH    0006H
  +--> ?PR?_CLOADCHANNELFREQ?TV
  +--> ?PR?CSTARTSEARCH?TV
  +--> ?PR?TV
  +--> ?PR?_GMI_CSETTUNER?TV
  +--> ?PR?_CTIMERDELAYXMS?TIMER
  +--> ?PR?_GMI_CSETVDCFREERUNMODE?TB1334
  +--> ?PR?_CLOCKCHANNEL?TV
  +--> ?PR?_CLOADCHANNELSOUNDTYPE?TV
  +--> ?PR?_CSAVECHANNELDATA?TV
  +--> ?PR?_CSETTVCHANNEL?TV
  +--> ?PR?_CSHOWAUTOSEARCHSLIDERINOSD?OSDTV007
  +--> ?PR?GMI_CMODELOCKED?TB1334
  +--> ?PR?_CSCALERSETBIT?SCALER
  +--> ?PR?COSDDISPOSDTIMEREVENT?OSDPUB007
  +--> ?PR?_CTIMERREACTIVETIMEREVENT?TIMER
  +--> ?PR?_CTIMERCANCELTIMEREVENT?TIMER
  +--> ?PR?_GMI_CI2CWRITE9886?TV

?PR?MTUNINGADJPROC?OSDTV007                      -----    -----      -----    -----
  +--> ?PR?MTUNINGADJMENU?OSDTV007
  +--> ?PR?_MTUNINGADJLR?OSDTV007
  +--> ?PR?COTHTERKEYACTION?OSDPUB007

?PR?MTUNINGADJMENU?OSDTV007                      -----    -----      -----    -----
  +--> ?PR?_CCLEARMSG?OSDPUB007
  +--> ?PR?_CTIMERDELAYXMS?TIMER
  +--> ?PR?GMI_CMODELOCKED?TB1334
  +--> ?PR?_GMI_CSETVDCFREERUNMODE?TB1334

BL51 BANKED LINKER/LOCATER V6.15                                                      04/05/2012  16:53:02  PAGE 80


?PR?_MTUNINGADJLR?OSDTV007                       -----    -----      -----    -----
  +--> ?PR?CTUNINGCURRENTCHANNEL?TV
  +--> ?PR?_CLOADCHANNELFREQ?TV
  +--> ?PR?_CSAVECHANNELFREQ?TV
  +--> ?PR?CSHOWCURRENTCHANNELFREQ?OSDTV007

?PR?CTUNINGCURRENTCHANNEL?TV                     0020H.4  0000H.2    002CH    0003H
  +--> ?PR?_CLOADCHANNELSKIP?TV
  +--> ?PR?_CLOADCHANNELFREQ?TV
  +--> ?PR?TV
  +--> ?PR?CLOADMAXCHANNELNUMBER?TV
  +--> ?PR?_GMI_CSETTUNER?TV
  +--> ?PR?_CSAVECHANNELFREQ?TV

?PR?MTVSYSTEMADJPROC?OSDTV007                    -----    -----      -----    -----
  +--> ?PR?MTVSYSTEMADJMENU?OSDTV007
  +--> ?PR?_MTVSYSTEMADJLR?OSDTV007
  +--> ?PR?COTHTERKEYACTION?OSDPUB007

?PR?MTVSYSTEMADJMENU?OSDTV007                    -----    -----      -----    -----
  +--> ?PR?_CCLEARMSG?OSDPUB007

?PR?_MTVSYSTEMADJLR?OSDTV007                     -----    -----      002CH    0001H
  +--> ?PR?_VALUEINRANGECHANGE?GMI_VALUEINRA...
  +--> ?PR?_BSEARCHEDTVTYPE?OSDTV007
  +--> ?PR?_CCLEARMSG?OSDPUB007
  +--> ?PR?OSDTV007
  +--> ?PR?_CENTERTEXTOUT?GMIOSDFUNC
  +--> ?PR?_CSAVECHANNELCOLORTYPE?TV
  +--> ?PR?_GMI_CI2CWRITE9886?TV

?PR?MCHANNELADJPROC?OSDTV007                     -----    -----      -----    -----
  +--> ?PR?MCHANNELADJMENU?OSDTV007
  +--> ?PR?_MCHANNELADJLR?OSDTV007
  +--> ?PR?COTHTERKEYACTION?OSDPUB007

?PR?MCHANNELADJMENU?OSDTV007                     -----    -----      -----    -----
  +--> ?PR?_CCLEARMSG?OSDPUB007

?PR?_MCHANNELADJLR?OSDTV007                      -----    -----      002CH    0004H
  +--> ?PR?CLOADMAXCHANNELNUMBER?TV
  +--> ?PR?CLOADMINCHANNELNUMBER?TV
  +--> ?PR?_CLOADCHANNELCOLORTYPE?TV
  +--> ?PR?_VALUEINRANGECHANGE?GMI_VALUEINRA...
  +--> ?PR?_GMI_CI2CWRITE9886?TV
  +--> ?PR?CMODERESETTVMODE?TV
  +--> ?PR?_CCLEARMSG?OSDPUB007
  +--> ?PR?_CSETTVCHANNEL?TV
  +--> ?PR?OSDTV007
  +--> ?PR?_GOTOXY?GMI_GOTOXY
  +--> ?PR?_CSHOWNUMBER?GMI_CSHOWNUMBER
  +--> ?PR?_CENTERTEXTOUT?GMIOSDFUNC
  +--> ?PR?CEEPROMSAVEVEDIOCOLOR?EEPROM
  +--> ?PR?CMODERESETTVNTSCTOPAL?TV

?PR?MSWAPADJPROC?OSDTV007                        -----    -----      -----    -----
  +--> ?PR?MSWAPADJMENU?OSDTV007
BL51 BANKED LINKER/LOCATER V6.15                                                      04/05/2012  16:53:02  PAGE 81


  +--> ?PR?_MSWAPADJLR?OSDTV007
  +--> ?PR?COTHTERKEYACTION?OSDPUB007

?PR?MSWAPADJMENU?OSDTV007                        -----    -----      002CH    0005H
  +--> ?PR?_CLOADCHANNELFREQ?TV
  +--> ?PR?_CLOADCHANNELCOLORTYPE?TV
  +--> ?PR?_CLOADCHANNELSOUNDTYPE?TV
  +--> ?PR?_CLOADCHANNELSKIP?TV
  +--> ?PR?_CADJUSTBACKGROUNDCOLOR?ADJUST
  +--> ?PR?_CSCALERSETBIT?SCALER
  +--> ?PR?_CSAVECHANNELFREQ?TV
  +--> ?PR?_CSAVECHANNELCOLORTYPE?TV
  +--> ?PR?_CSAVECHANNELSOUNDTYPE?TV
  +--> ?PR?CSAVECHANNELSKIP?TV
  +--> ?PR?_CSETTVCHANNEL?TV
  +--> ?PR?_CCLEARMSG?OSDPUB007
  +--> ?PR?SHOWMODE?OSDPUB007
  +--> ?PR?_CSETITEMWINDOWSTATE?OSDPUB007

?PR?_CSAVECHANNELSOUNDTYPE?TV                    -----    -----      0031H    0002H
  +--> ?PR?_CLOADCHANNELCOLORTYPE?TV
  +--> ?PR?TV
  +--> ?PR?_CI2CWRITE?I2C

?PR?_MSWAPADJLR?OSDTV007                         -----    -----      002CH    0001H
  +--> ?PR?_CCLEARMSG?OSDPUB007
  +--> ?PR?CLOADMINCHANNELNUMBER?TV
  +--> ?PR?CLOADMAXCHANNELNUMBER?TV
  +--> ?PR?_VALUEINRANGECHANGE?GMI_VALUEINRA...
  +--> ?PR?_CSETTVCHANNEL?TV
  +--> ?PR?_GOTOXY?GMI_GOTOXY
  +--> ?PR?OSDTV007
  +--> ?PR?_CSHOWNUMBER?GMI_CSHOWNUMBER

?PR?MSKIPADJPROC?OSDTV007                        -----    -----      -----    -----
  +--> ?PR?MSKIPADJMENU?OSDTV007
  +--> ?PR?_MSKIPADJLR?OSDTV007
  +--> ?PR?COTHTERKEYACTION?OSDPUB007

?PR?MSKIPADJMENU?OSDTV007                        -----    -----      -----    -----
  +--> ?PR?_CCLEARMSG?OSDPUB007

?PR?_MSKIPADJLR?OSDTV007                         -----    -----      002CH    0001H
  +--> ?PR?_CCLEARMSG?OSDPUB007
  +--> ?PR?_CLOADCHANNELSKIP?TV
  +--> ?PR?CSAVECHANNELSKIP?TV
  +--> ?PR?OSDTV007
  +--> ?PR?_CENTERTEXTOUT?GMIOSDFUNC

?PR?MLANGUAGEADJPROC?OSDPUB007                   -----    -----      -----    -----
  +--> ?PR?MLANGUAGEADJMENU?OSDPUB007
  +--> ?PR?_MLANGUAGEADJLR?OSDPUB007
  +--> ?PR?COTHTERKEYACTION?OSDPUB007

?PR?MLANGUAGEADJMENU?OSDPUB007                   -----    -----      -----    -----
  +--> ?PR?_CCLEARMSG?OSDPUB007

BL51 BANKED LINKER/LOCATER V6.15                                                      04/05/2012  16:53:02  PAGE 82


?PR?_MLANGUAGEADJLR?OSDPUB007                    -----    -----      -----    -----
  +--> ?PR?_GETNEXTLANGUAGE?LANGAGE
  +--> ?PR?_GETPREVLANGUAGE?LANGAGE
  +--> ?PR?CCLEARSUBITEM?OSDPUB007
  +--> ?PR?_CCLEARMSG?OSDPUB007
  +--> ?PR?LOADLANGUAGEFONT?OSDPUB007
  +--> ?PR?CDRAWOSDFUNCPAGE?OSDPUB007
  +--> ?PR?OSDPUB007
  +--> ?PR?_CENTERTEXTOUT?GMIOSDFUNC

?PR?MOSDSIZEADJPROC?OSDPUB007                    -----    -----      -----    -----
  +--> ?PR?MOSDSIZEADJMENU?OSDPUB007
  +--> ?PR?_MOSDSIZEADJLR?OSDPUB007
  +--> ?PR?COTHTERKEYACTION?OSDPUB007

?PR?MOSDSIZEADJMENU?OSDPUB007                    -----    -----      -----    -----
  +--> ?PR?_CCLEARMSG?OSDPUB007

?PR?_MOSDSIZEADJLR?OSDPUB007                     -----    -----      002CH    0001H
  +--> ?PR?_CCLEARMSG?OSDPUB007
  +--> ?PR?_CTIMERWAITFOREVENT?TIMER
  +--> ?PR?OSDPUB007
  +--> ?PR?_OSDPOSITION?GMIOSDFUNC
  +--> ?PR?_SETOSDDOUBLE?GMI_SETOSDDOUBLE
  +--> ?PR?CSETOSDTRANSANDSIZE?OSDPUB007
  +--> ?PR?_CENTERTEXTOUT?GMIOSDFUNC
  +--> ?PR?_CSCALERSETBIT?SCALER

?PR?MDISPMODEADJPROC?OSDPUB007                   -----    -----      -----    -----
  +--> ?PR?MDISPMODEADJMENU?OSDPUB007
  +--> ?PR?_MDISPMODEADJLR?OSDPUB007
  +--> ?PR?COTHTERKEYACTION?OSDPUB007

?PR?MDISPMODEADJMENU?OSDPUB007                   -----    -----      -----    -----
  +--> ?PR?_CCLEARMSG?OSDPUB007

?PR?_MDISPMODEADJLR?OSDPUB007                    -----    -----      -----    -----
  +--> ?PR?_CCLEARMSG?OSDPUB007
  +--> ?PR?_GMI_CI2CWRITE9886?TV
  +--> ?PR?CEEPROMSAVEOSDUSERDATA?EEPROM
  +--> ?PR?CMODERESETMODE?MODE
  +--> ?PR?OSDPUB007
  +--> ?PR?_CENTERTEXTOUT?GMIOSDFUNC
  +--> ?PR?MUTE_ON?FUNC
  +--> ?PR?_CADJUSTBACKGROUNDCOLOR?ADJUST
  +--> ?PR?_CSCALERSETBIT?SCALER
  +--> ?PR?COSDFXDISABLEOSD?GMIOSDFUNC

?PR?MBLUEADJPROC?OSDPUB007                       -----    -----      -----    -----
  +--> ?PR?MBLUEADJMENU?OSDPUB007
  +--> ?PR?_MBLUEADJLR?OSDPUB007
  +--> ?PR?COTHTERKEYACTION?OSDPUB007

?PR?MBLUEADJMENU?OSDPUB007                       -----    -----      -----    -----
  +--> ?PR?_CCLEARMSG?OSDPUB007

?PR?_MBLUEADJLR?OSDPUB007                        -----    -----      002CH    0001H
BL51 BANKED LINKER/LOCATER V6.15                                                      04/05/2012  16:53:02  PAGE 83


  +--> ?PR?_CCLEARMSG?OSDPUB007
  +--> ?PR?OSDPUB007
  +--> ?PR?_CADJUSTBACKGROUNDCOLOR?ADJUST
  +--> ?PR?CEEPROMSAVESYSTEMDATA?EEPROM
  +--> ?PR?_CENTERTEXTOUT?GMIOSDFUNC

?PR?MAUTOPOWERDOWNADJPROC?OSDPUB007              -----    -----      -----    -----
  +--> ?PR?MAUTOPOWERDOWNADJMENU?OSDPUB007
  +--> ?PR?_MAUTOPOWERDOWNADJLR?OSDPUB007
  +--> ?PR?COTHTERKEYACTION?OSDPUB007

?PR?MAUTOPOWERDOWNADJMENU?OSDPUB007              -----    -----      -----    -----
  +--> ?PR?_CCLEARMSG?OSDPUB007

?PR?_MAUTOPOWERDOWNADJLR?OSDPUB007               -----    -----      002CH    0003H
  +--> ?PR?_GOTOXY?GMI_GOTOXY
  +--> ?PR?_CSCALERSENDADDR?SCALER
  +--> ?PR?_CSCALERSENDBYTE?SCALER
  +--> ?PR?CSCALERSENDWRITESTOP?SCALER
  +--> ?PR?_CCLEARMSG?OSDPUB007
  +--> ?PR?_VALUEINRANGECHANGE?GMI_VALUEINRA...
  +--> ?PR?CEEPROMSAVESYSTEMDATA?EEPROM
  +--> ?PR?_CENTERTEXTOUT?GMIOSDFUNC
  +--> ?PR?OSDPUB007
  +--> ?PR?_CSHOWNUMBER?GMI_CSHOWNUMBER

?PR?MCOLORMODEADJPROC?OSDPUB007                  -----    -----      -----    -----
  +--> ?PR?MCOLORMODEADJMENU?OSDPUB007
  +--> ?PR?_MCOLORMODEADJLR?OSDPUB007
  +--> ?PR?COTHTERKEYACTION?OSDPUB007

?PR?MCOLORMODEADJMENU?OSDPUB007                  -----    -----      -----    -----
  +--> ?PR?_CCLEARMSG?OSDPUB007

?PR?_MCOLORMODEADJLR?OSDPUB007                   -----    -----      002CH    0001H
  +--> ?PR?_VALUEINRANGECHANGE?GMI_VALUEINRA...
  +--> ?PR?_CSETCOLORMODE?OSDPUB007
  +--> ?PR?_CCLEARMSG?OSDPUB007
  +--> ?PR?_CDRAWCOLORMODESTATE?OSDPUB007

?PR?MVOLUMEADJPROC?OSDPUB007                     -----    -----      -----    -----
  +--> ?PR?MVOLUMEADJMENU?OSDPUB007
  +--> ?PR?_MVOLUMEADJLR?OSDPUB007
  +--> ?PR?COTHTERKEYACTION?OSDPUB007

?PR?MVOLUMEADJMENU?OSDPUB007                     -----    -----      -----    -----
  +--> ?PR?COSDFXDISABLEOSD?GMIOSDFUNC
  +--> ?PR?_CTIMERDELAYXMS?TIMER
  +--> ?PR?_CCLEARMSG?OSDPUB007

?PR?_MVOLUMEADJLR?OSDPUB007                      -----    -----      -----    -----
  +--> ?PR?OSDPUB007
  +--> ?PR?_VALUEINRANGECHANGE?GMI_VALUEINRA...
  +--> ?PR?_OSDSLIDER?OSDPUB007
  +--> ?PR?CSETVOLUME?FUNC
  +--> ?PR?COSDDISPOSDTIMEREVENT?OSDPUB007
  +--> ?PR?_CTIMERREACTIVETIMEREVENT?TIMER
BL51 BANKED LINKER/LOCATER V6.15                                                      04/05/2012  16:53:02  PAGE 84



?PR?MMUTEADJPROC?OSDPUB007                       -----    -----      -----    -----
  +--> ?PR?MMUTEADJMENU?OSDPUB007
  +--> ?PR?_MMUTEADJLR?OSDPUB007
  +--> ?PR?COTHTERKEYACTION?OSDPUB007

?PR?MMUTEADJMENU?OSDPUB007                       -----    -----      -----    -----
  +--> ?PR?_CCLEARMSG?OSDPUB007

?PR?_MMUTEADJLR?OSDPUB007                        -----    -----      002CH    0001H
  +--> ?PR?_CCLEARMSG?OSDPUB007
  +--> ?PR?CSETVOLUME?FUNC
  +--> ?PR?OSDPUB007
  +--> ?PR?_CENTERTEXTOUT?GMIOSDFUNC

?PR?MIMAGEADJ?OSDPUB007                          -----    -----      -----    -----
  +--> ?PR?OSDPUB007
  +--> ?PR?_OSDCLEAR?GMIOSDFUNC
  +--> ?PR?_MCOLORMODEADJLR?OSDPUB007
  +--> ?PR?COTHTERKEYACTION?OSDPUB007

?PR?MSLEEPTIMEADJ?OSDPUB007                      -----    -----      -----    -----
  +--> ?PR?OSDPUB007
  +--> ?PR?_OSDCLEAR?GMIOSDFUNC
  +--> ?PR?_MAUTOPOWERDOWNADJLR?OSDPUB007
  +--> ?PR?COTHTERKEYACTION?OSDPUB007

?PR?NOTUSEFUNC?OSDPUB007                         -----    -----      -----    -----
  +--> ?PR?CAUTODOWHITEBALANCE?AUTO
  +--> ?PR?DOAUTO?OSDVGA007
  +--> ?PR?GMI_IR_DELAY?GMI_IRFUNC
  +--> ?PR?GMI_CREAD9886?GMI_TUNERFUNC
  +--> ?PR?_GMI_CSETMODE?WRITEVIDEOTABLE
  +--> ?PR?GMI_CVIDEOSYNCHANDLER?AV_TV
  +--> ?PR?GMI_CVIDEOMODECHANGE?AV_TV

?PR?GMI_IR_DELAY?GMI_IRFUNC                      -----    -----      -----    -----
  +--> ?PR?GMI_DELAY_65US?GMI_IRFUNC
  +--> ?PR?DELAY5US?I2C

?PR?GMI_DELAY_65US?GMI_IRFUNC                    -----    -----      -----    -----
  +--> ?PR?DELAY5US?I2C

?PR?GMI_CREAD9886?GMI_TUNERFUNC                  -----    -----      -----    -----
  +--> ?PR?_CI2CSTART?I2C
  +--> ?PR?CI2CGETBYTE?I2C
  +--> ?PR?CI2CSTOP?I2C

?PR?_GMI_CSETMODE?WRITEVIDEOTABLE                -----    -----      002CH    0005H
  +--> ?PR?_CSCALERSETBYTE?SCALER
  +--> ?PR?_CWRITEALLREG?WRITEVIDEOTABLE
  +--> ?PR?_CSETSCALINGFACTOR?WRITEVIDEOTABLE
  +--> ?PR?_CSETRTDVSCALINGDOWN?WRITEVIDEOTABLE
  +--> ?PR?_CSETDISPLAYFORMAT?WRITEVIDEOTABLE
  +--> ?PR?_CSETFIFOWINDOW?WRITEVIDEOTABLE
  +--> ?PR?_CSETSFACCESSPORT?WRITEVIDEOTABLE
  +--> ?PR?CADJUSTSHARPNESS?ADJUST
BL51 BANKED LINKER/LOCATER V6.15                                                      04/05/2012  16:53:02  PAGE 85


  +--> ?PR?_CSCALERREAD?SCALER
  +--> ?PR?_CTB1334VIDEOMODE?WRITEVIDEOTABLE

?PR?_CWRITEALLREG?WRITEVIDEOTABLE                0020H.4  0000H.1    0031H    0004H
  +--> ?CO?MAIN
  +--> ?PR?_CSCALERSETBYTE?SCALER
  +--> ?PR?_CSCALERWRITE?SCALER

?PR?_CSETSCALINGFACTOR?WRITEVIDEOTABLE           -----    -----      0031H    0002H
  +--> ?PR?_CSCALERSETBYTE?SCALER
  +--> ?CO?MAIN
  +--> ?PR?_CSCALERWRITE?SCALER

?PR?_CSETRTDVSCALINGDOWN?WRITEVIDEOTABLE         -----    -----      0031H    0003H
  +--> ?PR?_CSCALERSETBYTE?SCALER
  +--> ?PR?WRITEVIDEOTABLE
  +--> ?CO?MAIN
  +--> ?PR?_CSCALERWRITE?SCALER

?PR?_CSETDISPLAYFORMAT?WRITEVIDEOTABLE           -----    -----      0031H    0002H
  +--> ?PR?_CSCALERSETBYTE?SCALER
  +--> ?CO?MAIN
  +--> ?PR?_CSCALERWRITE?SCALER

?PR?_CSETFIFOWINDOW?WRITEVIDEOTABLE              -----    -----      0031H    0002H
  +--> ?PR?_CSCALERSETBYTE?SCALER
  +--> ?CO?MAIN
  +--> ?PR?_CSCALERWRITE?SCALER

?PR?_CSETSFACCESSPORT?WRITEVIDEOTABLE            -----    -----      0031H    0002H
  +--> ?PR?_CSCALERSETBYTE?SCALER
  +--> ?CO?MAIN
  +--> ?PR?_CSCALERWRITE?SCALER

?PR?GMI_CVIDEOSYNCHANDLER?AV_TV                  -----    -----      -----    -----
  +--> ?PR?AV_TV
  +--> ?PR?GMI_CSOURCESCANINPUTPORTVIDEO?AV_TV
  +--> ?PR?_CSCALERSETBIT?SCALER



SYMBOL TABLE OF MODULE:  .\Output\RTD2xxxx (ADJUST)

  VALUE           TYPE          NAME
  ----------------------------------

  -------         MODULE        ?C?FPADD
  C:122EH         PUBLIC        ?C?FPADD
  C:122AH         PUBLIC        ?C?FPSUB
  -------         ENDMOD        ?C?FPADD

  -------         MODULE        ?C?FPMUL
  C:131FH         PUBLIC        ?C?FPMUL
  -------         ENDMOD        ?C?FPMUL

  -------         MODULE        ?C?FPDIV
  C:1428H         PUBLIC        ?C?FPDIV
BL51 BANKED LINKER/LOCATER V6.15                                                      04/05/2012  16:53:02  PAGE 86


  -------         ENDMOD        ?C?FPDIV

  -------         MODULE        ?C?FPCMP
  C:14C7H         PUBLIC        ?C?FPCMP
  C:14C5H         PUBLIC        ?C?FPCMP3
  -------         ENDMOD        ?C?FPCMP

  -------         MODULE        ?C?FCAST
  C:153CH         PUBLIC        ?C?FCASTC
  C:1537H         PUBLIC        ?C?FCASTI
  C:1532H         PUBLIC        ?C?FCASTL
  -------         ENDMOD        ?C?FCAST

  -------         MODULE        ?C?CASTF
  C:1570H         PUBLIC        ?C?CASTF
  -------         ENDMOD        ?C?CASTF

  -------         MODULE        ?C?COPY
  C:16C1H         PUBLIC        ?C?COPY
  -------         ENDMOD        ?C?COPY

  -------         MODULE        ?C?SCDIV
  C:16E7H         PUBLIC        ?C?SCDIV
  -------         ENDMOD        ?C?SCDIV

  -------         MODULE        ?C?CLDPTR
  C:1709H         PUBLIC        ?C?CLDPTR
  -------         ENDMOD        ?C?CLDPTR

  -------         MODULE        ?C?CLDOPTR
  C:1722H         PUBLIC        ?C?CLDOPTR
  -------         ENDMOD        ?C?CLDOPTR

  -------         MODULE        ?C?CILDPTR
  C:174FH         PUBLIC        ?C?CILDPTR
  -------         ENDMOD        ?C?CILDPTR

  -------         MODULE        ?C?CSTPTR
  C:1771H         PUBLIC        ?C?CSTPTR
  -------         ENDMOD        ?C?CSTPTR

  -------         MODULE        ?C?IMUL
  C:1783H         PUBLIC        ?C?IMUL
  -------         ENDMOD        ?C?IMUL

  -------         MODULE        ?C?UIDIV
  C:1795H         PUBLIC        ?C?UIDIV
  -------         ENDMOD        ?C?UIDIV

  -------         MODULE        ?C?SIDIV
  C:17EAH         PUBLIC        ?C?SIDIV
  -------         ENDMOD        ?C?SIDIV

  -------         MODULE        ?C?IILDX
  C:1820H         PUBLIC        ?C?IILDX
  -------         ENDMOD        ?C?IILDX

BL51 BANKED LINKER/LOCATER V6.15                                                      04/05/2012  16:53:02  PAGE 87


  -------         MODULE        ?C?ILDPTR
  C:1836H         PUBLIC        ?C?ILDPTR
  -------         ENDMOD        ?C?ILDPTR

  -------         MODULE        ?C?IILDPTR
  C:1861H         PUBLIC        ?C?IILDPTR
  -------         ENDMOD        ?C?IILDPTR

  -------         MODULE        ?C?ISTPTR
  C:1899H         PUBLIC        ?C?ISTPTR
  -------         ENDMOD        ?C?ISTPTR

  -------         MODULE        ?C?LADD
  C:18B8H         PUBLIC        ?C?LADD
  -------         ENDMOD        ?C?LADD

  -------         MODULE        ?C?LSUB
  C:18C5H         PUBLIC        ?C?LSUB
  -------         ENDMOD        ?C?LSUB

  -------         MODULE        ?C?LMUL
  C:18D3H         PUBLIC        ?C?LMUL
  -------         ENDMOD        ?C?LMUL

  -------         MODULE        ?C?ULDIV
  C:195EH         PUBLIC        ?C?ULDIV
  -------         ENDMOD        ?C?ULDIV

  -------         MODULE        ?C?SLDIV
  C:CB2EH         PUBLIC        ?C?SLDIV
  -------         ENDMOD        ?C?SLDIV

  -------         MODULE        ?C?LNEG
  C:19F0H         PUBLIC        ?C?LNEG
  -------         ENDMOD        ?C?LNEG

  -------         MODULE        ?C?SLCMP
  C:19FEH         PUBLIC        ?C?SLCMP
  -------         ENDMOD        ?C?SLCMP

  -------         MODULE        ?C?ULCMP
  C:1A14H         PUBLIC        ?C?ULCMP
  -------         ENDMOD        ?C?ULCMP

  -------         MODULE        ?C?ULSHR
  C:1A25H         PUBLIC        ?C?ULSHR
  -------         ENDMOD        ?C?ULSHR

  -------         MODULE        ?C?LSHL
  C:1A38H         PUBLIC        ?C?LSHL
  -------         ENDMOD        ?C?LSHL

  -------         MODULE        ?C?LLDIDATA
  C:1A4BH         PUBLIC        ?C?LLDIDATA
  -------         ENDMOD        ?C?LLDIDATA

  -------         MODULE        ?C?LSTIDATA
BL51 BANKED LINKER/LOCATER V6.15                                                      04/05/2012  16:53:02  PAGE 88


  C:1A57H         PUBLIC        ?C?LSTIDATA
  -------         ENDMOD        ?C?LSTIDATA

  -------         MODULE        ?C?LSTKIDATA
  C:1A63H         PUBLIC        ?C?LSTKIDATA
  -------         ENDMOD        ?C?LSTKIDATA

  -------         MODULE        ?C?OFFXADD
  C:1A7CH         PUBLIC        ?C?OFFXADD
  -------         ENDMOD        ?C?OFFXADD

  -------         MODULE        ?C?PLDIDATA
  C:1A88H         PUBLIC        ?C?PLDIDATA
  -------         ENDMOD        ?C?PLDIDATA

  -------         MODULE        ?C?PLDIIDATA
  C:1A91H         PUBLIC        ?C?PLDIIDATA
  -------         ENDMOD        ?C?PLDIIDATA

  -------         MODULE        ?C?PSTIDATA
  C:1AA1H         PUBLIC        ?C?PSTIDATA
  -------         ENDMOD        ?C?PSTIDATA

  -------         MODULE        ?C?PLDCODE
  C:1AAAH         PUBLIC        ?C?PLDCODE
  -------         ENDMOD        ?C?PLDCODE

  -------         MODULE        ?C?CCASE
  C:1AB6H         PUBLIC        ?C?CCASE
  -------         ENDMOD        ?C?CCASE

  -------         MODULE        ?C?ICASE
  C:1ADCH         PUBLIC        ?C?ICASE
  -------         ENDMOD        ?C?ICASE

  -------         MODULE        ?C?ICALL
  C:1B09H         PUBLIC        ?C?ICALL
  C:1B0DH         PUBLIC        ?C?ICALL2
  -------         ENDMOD        ?C?ICALL

  -------         MODULE        ?C?LIMUL
  C:1B0FH         PUBLIC        ?C?LIMUL
  -------         ENDMOD        ?C?LIMUL

  -------         MODULE        ABS
  C:FA29H         PUBLIC        _ABS
  -------         ENDMOD        ABS

*** WARNING L16: UNCALLED SEGMENT, IGNORED FOR OVERLAY PROCESS
    SEGMENT: ?PR?CSWITCHTOI2C?UART

*** WARNING L16: UNCALLED SEGMENT, IGNORED FOR OVERLAY PROCESS
    SEGMENT: ?PR?_PROSSMCUIRHANDLE?RS232

Program Size: data=206.3 xdata=17189 code=64699
LINK/LOCATE RUN COMPLETE.  2 WARNING(S),  0 ERROR(S)
